Archive member included to satisfy reference by file (symbol)

Middlewares/ST/touchgfx/lib/core/cortex_m4f/gcc\libtouchgfx-float-abi-hard.a(AbstractPartition.o)
                              TouchGFX/build/STM32F429IDISCO/TouchGFX/target/generated/TouchGFXConfiguration.o (touchgfx::AbstractPartition::getAllocationCount() const)
Middlewares/ST/touchgfx/lib/core/cortex_m4f/gcc\libtouchgfx-float-abi-hard.a(Container.o)
                              TouchGFX/build/STM32F429IDISCO/TouchGFX/generated/gui_generated/src/screen2_screen/Screen2ViewBase.o (touchgfx::Container::contains(touchgfx::Drawable const&))
Middlewares/ST/touchgfx/lib/core/cortex_m4f/gcc\libtouchgfx-float-abi-hard.a(HAL.o)
                              TouchGFX/build/STM32F429IDISCO/TouchGFX/target/generated/TouchGFXGeneratedHAL.o (touchgfx::HAL::drawDrawableInDynamicBitmap(touchgfx::Drawable&, unsigned short))
Middlewares/ST/touchgfx/lib/core/cortex_m4f/gcc\libtouchgfx-float-abi-hard.a(DMA.o)
                              TouchGFX/build/STM32F429IDISCO/TouchGFX/target/generated/STM32DMA.o (touchgfx::DMA_Interface::seedExecution())
Middlewares/ST/touchgfx/lib/core/cortex_m4f/gcc\libtouchgfx-float-abi-hard.a(Box.o)
                              TouchGFX/build/STM32F429IDISCO/TouchGFX/generated/gui_generated/src/screen2_screen/Screen2ViewBase.o (vtable for touchgfx::Box)
Middlewares/ST/touchgfx/lib/core/cortex_m4f/gcc\libtouchgfx-float-abi-hard.a(Button.o)
                              TouchGFX/build/STM32F429IDISCO/TouchGFX/generated/gui_generated/src/screen1_screen/Screen1ViewBase.o (touchgfx::Button::setBitmaps(touchgfx::Bitmap const&, touchgfx::Bitmap const&))
Middlewares/ST/touchgfx/lib/core/cortex_m4f/gcc\libtouchgfx-float-abi-hard.a(Image.o)
                              TouchGFX/build/STM32F429IDISCO/TouchGFX/generated/gui_generated/src/screen2_screen/Screen2ViewBase.o (touchgfx::Image::setBitmap(touchgfx::Bitmap const&))
Middlewares/ST/touchgfx/lib/core/cortex_m4f/gcc\libtouchgfx-float-abi-hard.a(LCD.o)
                              TouchGFX/build/STM32F429IDISCO/TouchGFX/generated/texts/src/Texts.o (touchgfx::LCD::drawStringLTR(touchgfx::Rect const&, touchgfx::Rect const&, touchgfx::LCD::StringVisuals const&, unsigned short const*, std::__va_list))
Middlewares/ST/touchgfx/lib/core/cortex_m4f/gcc\libtouchgfx-float-abi-hard.a(TouchCalibration.o)
                              Middlewares/ST/touchgfx/lib/core/cortex_m4f/gcc\libtouchgfx-float-abi-hard.a(HAL.o) (touchgfx::TouchCalibration::translatePoint(touchgfx::Point&))
Middlewares/ST/touchgfx/lib/core/cortex_m4f/gcc\libtouchgfx-float-abi-hard.a(DisplayTransformation.o)
                              Middlewares/ST/touchgfx/lib/core/cortex_m4f/gcc\libtouchgfx-float-abi-hard.a(HAL.o) (touchgfx::DisplayTransformation::transformFrameBufferToDisplay(short&, short&))
Middlewares/ST/touchgfx/lib/core/cortex_m4f/gcc\libtouchgfx-float-abi-hard.a(Application.o)
                              TouchGFX/build/STM32F429IDISCO/TouchGFX/gui/src/common/FrontendApplication.o (touchgfx::Application::switchScreen(touchgfx::Screen*))
Middlewares/ST/touchgfx/lib/core/cortex_m4f/gcc\libtouchgfx-float-abi-hard.a(TypedText.o)
                              TouchGFX/build/STM32F429IDISCO/TouchGFX/generated/fonts/src/FontCache.o (touchgfx::TypedText::numberOfTypedTexts)
Middlewares/ST/touchgfx/lib/core/cortex_m4f/gcc\libtouchgfx-float-abi-hard.a(Font.o)
                              TouchGFX/build/STM32F429IDISCO/TouchGFX/generated/texts/src/Texts.o (touchgfx::Font::getStringWidthLTR(unsigned char, unsigned short const*, std::__va_list) const)
Middlewares/ST/touchgfx/lib/core/cortex_m4f/gcc\libtouchgfx-float-abi-hard.a(Drawable.o)
                              TouchGFX/build/STM32F429IDISCO/TouchGFX/gui/src/screen2_screen/Screen2View.o (touchgfx::Drawable::invalidate() const)
Middlewares/ST/touchgfx/lib/core/cortex_m4f/gcc\libtouchgfx-float-abi-hard.a(ConstFont.o)
                              TouchGFX/build/STM32F429IDISCO/TouchGFX/generated/fonts/src/GeneratedFont.o (touchgfx::ConstFont::ConstFont(touchgfx::GlyphNode const*, unsigned short, unsigned short, unsigned char, unsigned char, unsigned char, unsigned char, unsigned char, unsigned short, unsigned short))
Middlewares/ST/touchgfx/lib/core/cortex_m4f/gcc\libtouchgfx-float-abi-hard.a(Utils.o)
                              TouchGFX/build/STM32F429IDISCO/TouchGFX/generated/fonts/src/FontCache.o (touchgfx::memset(void*, unsigned char, unsigned long))
Middlewares/ST/touchgfx/lib/core/cortex_m4f/gcc\libtouchgfx-float-abi-hard.a(Screen.o)
                              TouchGFX/build/STM32F429IDISCO/TouchGFX/gui/src/screen2_screen/Screen2View.o (touchgfx::Screen::handleGestureEvent(touchgfx::GestureEvent const&))
Middlewares/ST/touchgfx/lib/core/cortex_m4f/gcc\libtouchgfx-float-abi-hard.a(EasingEquations.o)
[...]
Memory Configuration

Name             Origin             Length             Attributes
CCMRAM           0x10000000         0x00010000         xrw
RAM              0x20000000         0x00030000         xrw
FLASH            0x08000000         0x00200000         xr
SDRAM            0xd0000000         0x00800000         xrw
*default*        0x00000000         0xffffffff

Linker script and memory map

LOAD c:/touchgfx/4.20.0/env/mingw/msys/1.0/gnu-arm-gcc/bin/../lib/gcc/arm-none-eabi/7.3.1/thumb/v7e-m/fpv4-sp/hard/crti.o
LOAD c:/touchgfx/4.20.0/env/mingw/msys/1.0/gnu-arm-gcc/bin/../lib/gcc/arm-none-eabi/7.3.1/thumb/v7e-m/fpv4-sp/hard/crtbegin.o
LOAD c:/touchgfx/4.20.0/env/mingw/msys/1.0/gnu-arm-gcc/bin/../lib/gcc/arm-none-eabi/7.3.1/../../../../arm-none-eabi/lib/thumb/v7e-m/fpv4-sp/hard/crt0.o
LOAD TouchGFX/build/STM32F429IDISCO/TouchGFX/gui/src/screen2_screen/Screen2View.o
LOAD TouchGFX/build/STM32F429IDISCO/TouchGFX/gui/src/screen2_screen/Screen2Presenter.o
LOAD TouchGFX/build/STM32F429IDISCO/TouchGFX/gui/src/screen1_screen/Screen1Presenter.o
LOAD TouchGFX/build/STM32F429IDISCO/TouchGFX/gui/src/screen1_screen/Screen1View.o
LOAD TouchGFX/build/STM32F429IDISCO/TouchGFX/gui/src/model/Model.o
LOAD TouchGFX/build/STM32F429IDISCO/TouchGFX/gui/src/common/FrontendApplication.o
LOAD TouchGFX/build/STM32F429IDISCO/TouchGFX/generated/gui_generated/src/screen2_screen/Screen2ViewBase.o
LOAD TouchGFX/build/STM32F429IDISCO/TouchGFX/generated/gui_generated/src/screen1_screen/Screen1ViewBase.o
LOAD TouchGFX/build/STM32F429IDISCO/TouchGFX/generated/gui_generated/src/common/FrontendApplicationBase.o
LOAD TouchGFX/build/STM32F429IDISCO/TouchGFX/generated/fonts/src/Font_verdana_40_4bpp_0.o
LOAD TouchGFX/build/STM32F429IDISCO/TouchGFX/generated/fonts/src/Font_verdana_20_4bpp_0.o
LOAD TouchGFX/build/STM32F429IDISCO/TouchGFX/generated/fonts/src/GeneratedFont.o
LOAD TouchGFX/build/STM32F429IDISCO/TouchGFX/generated/fonts/src/UnmappedDataFont.o
LOAD TouchGFX/build/STM32F429IDISCO/TouchGFX/generated/fonts/src/Kerning_verdana_40_4bpp.o
LOAD TouchGFX/build/STM32F429IDISCO/TouchGFX/generated/fonts/src/Table_verdana_10_4bpp.o
LOAD TouchGFX/build/STM32F429IDISCO/TouchGFX/generated/fonts/src/Kerning_verdana_10_4bpp.o
LOAD TouchGFX/build/STM32F429IDISCO/TouchGFX/generated/fonts/src/Kerning_verdana_20_4bpp.o
LOAD TouchGFX/build/STM32F429IDISCO/TouchGFX/generated/fonts/src/FontCache.o
LOAD TouchGFX/build/STM32F429IDISCO/TouchGFX/generated/fonts/src/Font_verdana_10_4bpp_0.o
LOAD TouchGFX/build/STM32F429IDISCO/TouchGFX/generated/fonts/src/Table_verdana_40_4bpp.o
LOAD TouchGFX/build/STM32F429IDISCO/TouchGFX/generated/fonts/src/CachedFont.o
LOAD TouchGFX/build/STM32F429IDISCO/TouchGFX/generated/fonts/src/Table_verdana_20_4bpp.o
LOAD TouchGFX/build/STM32F429IDISCO/TouchGFX/generated/fonts/src/ApplicationFontProvider.o
LOAD TouchGFX/build/STM32F429IDISCO/TouchGFX/generated/images/src/__designer/image_Blue_Icons_Home_32.o
LOAD TouchGFX/build/STM32F429IDISCO/TouchGFX/generated/images/src/image_track0.o
LOAD TouchGFX/build/STM32F429IDISCO/TouchGFX/generated/images/src/BitmapDatabase.o
LOAD TouchGFX/build/STM32F429IDISCO/TouchGFX/generated/images/src/image_Start-Button-Vector.o
LOAD TouchGFX/build/STM32F429IDISCO/TouchGFX/generated/images/src/image_track2.o
LOAD TouchGFX/build/STM32F429IDISCO/TouchGFX/generated/images/src/image_track4.o
LOAD TouchGFX/build/STM32F429IDISCO/TouchGFX/generated/images/src/image_redcar.o
LOAD TouchGFX/build/STM32F429IDISCO/TouchGFX/generated/images/src/image_track1.o
LOAD TouchGFX/build/STM32F429IDISCO/TouchGFX/generated/images/src/image_track3.o
LOAD TouchGFX/build/STM32F429IDISCO/TouchGFX/generated/images/src/image_lamb.o
LOAD TouchGFX/build/STM32F429IDISCO/TouchGFX/generated/texts/src/LanguageGb.o
LOAD TouchGFX/build/STM32F429IDISCO/TouchGFX/generated/texts/src/TypedTextDatabase.o
LOAD TouchGFX/build/STM32F429IDISCO/TouchGFX/generated/texts/src/Texts.o
LOAD TouchGFX/build/STM32F429IDISCO/TouchGFX/target/generated/TouchGFXGeneratedHAL.o
LOAD TouchGFX/build/STM32F429IDISCO/TouchGFX/target/generated/STM32DMA.o
LOAD TouchGFX/build/STM32F429IDISCO/TouchGFX/target/generated/OSWrappers.o
LOAD TouchGFX/build/STM32F429IDISCO/TouchGFX/target/generated/TouchGFXConfiguration.o
LOAD TouchGFX/build/STM32F429IDISCO/TouchGFX/target/TouchGFXHAL.o
LOAD TouchGFX/build/STM32F429IDISCO/TouchGFX/target/STM32TouchController_d.o
LOAD TouchGFX/build/STM32F429IDISCO/TouchGFX/target/TouchGFXGPIO.o
LOAD TouchGFX/build/STM32F429IDISCO/TouchGFX/target/STM32TouchController.o
LOAD TouchGFX/build/STM32F429IDISCO/Core/Src/system_stm32f4xx.o
LOAD TouchGFX/build/STM32F429IDISCO/Core/Src/stm32f4xx_hal_timebase_tim.o
LOAD TouchGFX/build/STM32F429IDISCO/Core/Src/main.o
LOAD TouchGFX/build/STM32F429IDISCO/Core/Src/stm32f4xx_it.o
LOAD TouchGFX/build/STM32F429IDISCO/Core/Src/sysmem.o
LOAD TouchGFX/build/STM32F429IDISCO/Core/Src/stm32f4xx_hal_msp.o
LOAD TouchGFX/build/STM32F429IDISCO/Core/Src/syscalls.o
LOAD TouchGFX/build/STM32F429IDISCO/Core/Src/freertos.o
LOAD TouchGFX/build/STM32F429IDISCO/Drivers/STM32F4xx_HAL_Driver/Src/stm32f4xx_hal_pwr_ex.o
LOAD TouchGFX/build/STM32F429IDISCO/Drivers/STM32F4xx_HAL_Driver/Src/stm32f4xx_hal_sdram.o
LOAD TouchGFX/build/STM32F429IDISCO/Drivers/STM32F4xx_HAL_Driver/Src/stm32f4xx_hal_flash.o
LOAD TouchGFX/build/STM32F429IDISCO/Drivers/STM32F4xx_HAL_Driver/Src/stm32f4xx_hal_rcc.o
LOAD TouchGFX/build/STM32F429IDISCO/Drivers/STM32F4xx_HAL_Driver/Src/stm32f4xx_hal_dma_ex.o
LOAD TouchGFX/build/STM32F429IDISCO/Drivers/STM32F4xx_HAL_Driver/Src/stm32f4xx_hal_tim.o
LOAD TouchGFX/build/STM32F429IDISCO/Drivers/STM32F4xx_HAL_Driver/Src/stm32f4xx_hal_i2c.o
LOAD TouchGFX/build/STM32F429IDISCO/Drivers/STM32F4xx_HAL_Driver/Src/stm32f4xx_hal_flash_ex.o
LOAD TouchGFX/build/STM32F429IDISCO/Drivers/STM32F4xx_HAL_Driver/Src/stm32f4xx_hal_dma.o
LOAD TouchGFX/build/STM32F429IDISCO/Drivers/STM32F4xx_HAL_Driver/Src/stm32f4xx_hal_i2c_ex.o
LOAD TouchGFX/build/STM32F429IDISCO/Drivers/STM32F4xx_HAL_Driver/Src/stm32f4xx_hal_tim_ex.o
LOAD TouchGFX/build/STM32F429IDISCO/Drivers/STM32F4xx_HAL_Driver/Src/stm32f4xx_hal_cortex.o
LOAD TouchGFX/build/STM32F429IDISCO/Drivers/STM32F4xx_HAL_Driver/Src/stm32f4xx_hal_ltdc_ex.o
LOAD TouchGFX/build/STM32F429IDISCO/Drivers/STM32F4xx_HAL_Driver/Src/stm32f4xx_ll_fmc.o
LOAD TouchGFX/build/STM32F429IDISCO/Drivers/STM32F4xx_HAL_Driver/Src/stm32f4xx_hal_exti.o
LOAD TouchGFX/build/STM32F429IDISCO/Drivers/STM32F4xx_HAL_Driver/Src/stm32f4xx_hal_gpio.o
LOAD TouchGFX/build/STM32F429IDISCO/Drivers/STM32F4xx_HAL_Driver/Src/stm32f4xx_hal_spi.o
LOAD TouchGFX/build/STM32F429IDISCO/Drivers/STM32F4xx_HAL_Driver/Src/stm32f4xx_hal_dma2d.o
LOAD TouchGFX/build/STM32F429IDISCO/Drivers/STM32F4xx_HAL_Driver/Src/stm32f4xx_hal_flash_ramfunc.o
LOAD TouchGFX/build/STM32F429IDISCO/Drivers/STM32F4xx_HAL_Driver/Src/stm32f4xx_hal_ltdc.o
LOAD TouchGFX/build/STM32F429IDISCO/Drivers/STM32F4xx_HAL_Driver/Src/stm32f4xx_hal_pwr.o
LOAD TouchGFX/build/STM32F429IDISCO/Drivers/STM32F4xx_HAL_Driver/Src/stm32f4xx_hal.o
LOAD TouchGFX/build/STM32F429IDISCO/Drivers/STM32F4xx_HAL_Driver/Src/stm32f4xx_hal_rcc_ex.o
LOAD TouchGFX/build/STM32F429IDISCO/Drivers/STM32F4xx_HAL_Driver/Src/stm32f4xx_hal_dsi.o
LOAD TouchGFX/build/STM32F429IDISCO/Drivers/STM32F4xx_HAL_Driver/Src/stm32f4xx_hal_crc.o
LOAD TouchGFX/build/STM32F429IDISCO/TouchGFX/App/app_touchgfx.o
LOAD TouchGFX/build/STM32F429IDISCO/Middlewares/Third_Party/FreeRTOS/Source/croutine.o
LOAD TouchGFX/build/STM32F429IDISCO/Middlewares/Third_Party/FreeRTOS/Source/list.o
LOAD TouchGFX/build/STM32F429IDISCO/Middlewares/Third_Party/FreeRTOS/Source/queue.o
LOAD TouchGFX/build/STM32F429IDISCO/Middlewares/Third_Party/FreeRTOS/Source/tasks.o
LOAD TouchGFX/build/STM32F429IDISCO/Middlewares/Third_Party/FreeRTOS/Source/timers.o
LOAD TouchGFX/build/STM32F429IDISCO/Middlewares/Third_Party/FreeRTOS/Source/CMSIS_RTOS_V2/cmsis_os2.o
LOAD TouchGFX/build/STM32F429IDISCO/gcc/Middlewares/Third_Party/FreeRTOS/Source/portable/MemMang/heap_4.o
LOAD TouchGFX/build/STM32F429IDISCO/gcc/Middlewares/Third_Party/FreeRTOS/Source/portable/GCC/ARM_CM4F/port.o
LOAD TouchGFX/build/STM32F429IDISCO/Drivers/BSP/Components/stmpe811/stmpe811.o
LOAD TouchGFX/build/STM32F429IDISCO/Drivers/BSP/Components/ili9341/ili9341.o
LOAD TouchGFX/build/STM32F429IDISCO/gcc/startup_stm32f429zitx.o
START GROUP
LOAD Middlewares/ST/touchgfx/lib/core/cortex_m4f/gcc\libtouchgfx-float-abi-hard.a
END GROUP
LOAD c:/touchgfx/4.20.0/env/mingw/msys/1.0/gnu-arm-gcc/bin/../lib/gcc/arm-none-eabi/7.3.1/../../../../arm-none-eabi/lib/thumb/v7e-m/fpv4-sp/hard\libstdc++_nano.a
LOAD c:/touchgfx/4.20.0/env/mingw/msys/1.0/gnu-arm-gcc/bin/../lib/gcc/arm-none-eabi/7.3.1/../../../../arm-none-eabi/lib/thumb/v7e-m/fpv4-sp/hard\libm.a
START GROUP
LOAD c:/touchgfx/4.20.0/env/mingw/msys/1.0/gnu-arm-gcc/bin/../lib/gcc/arm-none-eabi/7.3.1/thumb/v7e-m/fpv4-sp/hard\libgcc.a
LOAD c:/touchgfx/4.20.0/env/mingw/msys/1.0/gnu-arm-gcc/bin/../lib/gcc/arm-none-eabi/7.3.1/../../../../arm-none-eabi/lib/thumb/v7e-m/fpv4-sp/hard\libc_nano.a
END GROUP
START GROUP
LOAD c:/touchgfx/4.20.0/env/mingw/msys/1.0/gnu-arm-gcc/bin/../lib/gcc/arm-none-eabi/7.3.1/thumb/v7e-m/fpv4-sp/hard\libgcc.a
LOAD c:/touchgfx/4.20.0/env/mingw/msys/1.0/gnu-arm-gcc/bin/../lib/gcc/arm-none-eabi/7.3.1/../../../../arm-none-eabi/lib/thumb/v7e-m/fpv4-sp/hard\libc_nano.a
LOAD c:/touchgfx/4.20.0/env/mingw/msys/1.0/gnu-arm-gcc/bin/../lib/gcc/arm-none-eabi/7.3.1/../../../../arm-none-eabi/lib/thumb/v7e-m/fpv4-sp/hard\libnosys.a
END GROUP
START GROUP
LOAD c:/touchgfx/4.20.0/env/mingw/msys/1.0/gnu-arm-gcc/bin/../lib/gcc/arm-none-eabi/7.3.1/thumb/v7e-m/fpv4-sp/hard\libgcc.a
LOAD c:/touchgfx/4.20.0/env/mingw/msys/1.0/gnu-arm-gcc/bin/../lib/gcc/arm-none-eabi/7.3.1/../../../../arm-none-eabi/lib/thumb/v7e-m/fpv4-sp/hard\libc_nano.a
LOAD c:/touchgfx/4.20.0/env/mingw/msys/1.0/gnu-arm-gcc/bin/../lib/gcc/arm-none-eabi/7.3.1/../../../../arm-none-eabi/lib/thumb/v7e-m/fpv4-sp/hard\libnosys.a
END GROUP
LOAD c:/touchgfx/4.20.0/env/mingw/msys/1.0/gnu-arm-gcc/bin/../lib/gcc/arm-none-eabi/7.3.1/thumb/v7e-m/fpv4-sp/hard/crtend.o
LOAD c:/touchgfx/4.20.0/env/mingw/msys/1.0/gnu-arm-gcc/bin/../lib/gcc/arm-none-eabi/7.3.1/thumb/v7e-m/fpv4-sp/hard/crtn.o
                0x20030000                _estack = (ORIGIN (RAM) + LENGTH (RAM))
                0x00000200                _Min_Heap_Size = 0x200
                0x00000400                _Min_Stack_Size = 0x400

.isr_vector     0x08000000      0x1ac
                0x08000000                . = ALIGN (0x4)
 *(.isr_vector)
 .isr_vector    0x08000000      0x1ac TouchGFX/build/STM32F429IDISCO/gcc/startup_stm32f429zitx.o
                0x08000000                g_pfnVectors
                0x080001ac                . = ALIGN (0x4)

.text           0x080001b0    0x19b30
                0x080001b0                . = ALIGN (0x4)
 *(.text)
 .text          0x080001b0       0x40 c:/touchgfx/4.20.0/env/mingw/msys/1.0/gnu-arm-gcc/bin/../lib/gcc/arm-none-eabi/7.3.1/thumb/v7e-m/fpv4-sp/hard/crtbegin.o
 .text          0x080001f0       0x30 c:/touchgfx/4.20.0/env/mingw/msys/1.0/gnu-arm-gcc/bin/../lib/gcc/arm-none-eabi/7.3.1/thumb/v7e-m/fpv4-sp/hard\libgcc.a(_aeabi_uldivmod.o)
                0x080001f0                __aeabi_uldivmod
 .text          0x08000220      0x2cc c:/touchgfx/4.20.0/env/mingw/msys/1.0/gnu-arm-gcc/bin/../lib/gcc/arm-none-eabi/7.3.1/thumb/v7e-m/fpv4-sp/hard\libgcc.a(_udivmoddi4.o)
                0x08000220                __udivmoddi4
 .text          0x080004ec        0x4 c:/touchgfx/4.20.0/env/mingw/msys/1.0/gnu-arm-gcc/bin/../lib/gcc/arm-none-eabi/7.3.1/thumb/v7e-m/fpv4-sp/hard\libgcc.a(_dvmd_tls.o)
                0x080004ec                __aeabi_idiv0
                0x080004ec                __aeabi_ldiv0
 .text          0x080004f0       0xa0 c:/touchgfx/4.20.0/env/mingw/msys/1.0/gnu-arm-gcc/bin/../lib/gcc/arm-none-eabi/7.3.1/../../../../arm-none-eabi/lib/thumb/v7e-m/fpv4-sp/hard\libc_nano.a(lib_a-memchr.o)
                0x080004f0                memchr
 *(.text*)
 .text._ZN8touchgfx6Screen15afterTransitionEv
                0x08000590        0x2 TouchGFX/build/STM32F429IDISCO/TouchGFX/gui/src/screen2_screen/Screen2View.o
                0x08000590                touchgfx::Screen::afterTransition()
 .text._ZN8touchgfx6Screen14handleKeyEventEh
                0x08000592        0x2 TouchGFX/build/STM32F429IDISCO/TouchGFX/gui/src/screen2_screen/Screen2View.o
                0x08000592                touchgfx::Screen::handleKeyEvent(unsigned char)
 .text._ZN15Screen2ViewBase15ExitFromScreen2Ev
                0x08000594        0x2 TouchGFX/build/STM32F429IDISCO/TouchGFX/gui/src/screen2_screen/Screen2View.o
                0x08000594                Screen2ViewBase::ExitFromScreen2()
 .text._ZN11Screen2ViewD2Ev
                0x08000596        0x2 TouchGFX/build/STM32F429IDISCO/TouchGFX/gui/src/screen2_screen/Screen2View.o
                0x08000596                Screen2View::~Screen2View()
                0x08000596                Screen2View::~Screen2View()
 .text._ZN11Screen2View11setupScreenEv
                0x08000598       0x24 TouchGFX/build/STM32F429IDISCO/TouchGFX/gui/src/screen2_screen/Screen2View.o
                0x08000598                Screen2View::setupScreen()
 .text._ZN11Screen2View14tearDownScreenEv
                0x080005bc        0xa TouchGFX/build/STM32F429IDISCO/TouchGFX/gui/src/screen2_screen/Screen2View.o
                0x080005bc                Screen2View::tearDownScreen()
 *fill*         0x080005c6        0x2 
 .text._ZN11Screen2View15handleTickEventEv
                0x080005c8       0xcc TouchGFX/build/STM32F429IDISCO/TouchGFX/gui/src/screen2_screen/Screen2View.o
                0x080005c8                Screen2View::handleTickEvent()
 .text._ZN11Screen2ViewD0Ev
                0x08000694       0x10 TouchGFX/build/STM32F429IDISCO/TouchGFX/gui/src/screen2_screen/Screen2View.o
                0x08000694                Screen2View::~Screen2View()
 .text._ZN11Screen2ViewC2Ev
                0x080006a4       0x1c TouchGFX/build/STM32F429IDISCO/TouchGFX/gui/src/screen2_screen/Screen2View.o
                0x080006a4                Screen2View::Screen2View()
                0x080006a4                Screen2View::Screen2View()
 .text._ZN16Screen2PresenterD2Ev
                0x080006c0        0x6 TouchGFX/build/STM32F429IDISCO/TouchGFX/gui/src/screen2_screen/Screen2Presenter.o
                0x080006c0                Screen2Presenter::~Screen2Presenter()
                0x080006c0                Screen2Presenter::~Screen2Presenter()
                0x080006c2                non-virtual thunk to Screen2Presenter::~Screen2Presenter()
 .text._ZN16Screen2Presenter8activateEv
                0x080006c6        0x2 TouchGFX/build/STM32F429IDISCO/TouchGFX/gui/src/screen2_screen/Screen2Presenter.o
                0x080006c6                Screen2Presenter::activate()
                0x080006c6                Screen2Presenter::deactivate()
 .text._ZN16Screen2PresenterD0Ev
                0x080006c8       0x14 TouchGFX/build/STM32F429IDISCO/TouchGFX/gui/src/screen2_screen/Screen2Presenter.o
                0x080006c8                Screen2Presenter::~Screen2Presenter()
                0x080006d6                non-virtual thunk to Screen2Presenter::~Screen2Presenter()
 .text._ZN16Screen2PresenterC2ER11Screen2View
                0x080006dc       0x1c TouchGFX/build/STM32F429IDISCO/TouchGFX/gui/src/screen2_screen/Screen2Presenter.o
                0x080006dc                Screen2Presenter::Screen2Presenter(Screen2View&)
                0x080006dc                Screen2Presenter::Screen2Presenter(Screen2View&)
 .text._ZN16Screen2Presenter12UpdateImageXEs
                0x080006f8        0x6 TouchGFX/build/STM32F429IDISCO/TouchGFX/gui/src/screen2_screen/Screen2Presenter.o
                0x080006f8                Screen2Presenter::UpdateImageX(short)
 .text._ZN16Screen2Presenter9GetImageXEv
                0x080006fe        0x6 TouchGFX/build/STM32F429IDISCO/TouchGFX/gui/src/screen2_screen/Screen2Presenter.o
                0x080006fe                Screen2Presenter::GetImageX()
 .text._ZN16Screen1PresenterD2Ev
                0x08000704        0x6 TouchGFX/build/STM32F429IDISCO/TouchGFX/gui/src/screen1_screen/Screen1Presenter.o
                0x08000704                Screen1Presenter::~Screen1Presenter()
                0x08000704                Screen1Presenter::~Screen1Presenter()
                0x08000706                non-virtual thunk to Screen1Presenter::~Screen1Presenter()
 .text._ZN16Screen1Presenter8activateEv
                0x0800070a        0x2 TouchGFX/build/STM32F429IDISCO/TouchGFX/gui/src/screen1_screen/Screen1Presenter.o
                0x0800070a                Screen1Presenter::deactivate()
                0x0800070a                Screen1Presenter::activate()
 .text._ZN16Screen1PresenterD0Ev
                0x0800070c       0x14 TouchGFX/build/STM32F429IDISCO/TouchGFX/gui/src/screen1_screen/Screen1Presenter.o
                0x0800070c                Screen1Presenter::~Screen1Presenter()
                0x0800071a                non-virtual thunk to Screen1Presenter::~Screen1Presenter()
 .text._ZN16Screen1PresenterC2ER11Screen1View
                0x08000720       0x1c TouchGFX/build/STM32F429IDISCO/TouchGFX/gui/src/screen1_screen/Screen1Presenter.o
                0x08000720                Screen1Presenter::Screen1Presenter(Screen1View&)
                0x08000720                Screen1Presenter::Screen1Presenter(Screen1View&)
 .text._ZN11Screen1ViewD2Ev
                0x0800073c        0x2 TouchGFX/build/STM32F429IDISCO/TouchGFX/gui/src/screen1_screen/Screen1View.o
                0x0800073c                Screen1View::~Screen1View()
                0x0800073c                Screen1View::~Screen1View()
 .text._ZN11Screen1View14tearDownScreenEv
                0x0800073e        0x2 TouchGFX/build/STM32F429IDISCO/TouchGFX/gui/src/screen1_screen/Screen1View.o
                0x0800073e                Screen1View::tearDownScreen()
 .text._ZN11Screen1View15handleTickEventEv
                0x08000740        0xc TouchGFX/build/STM32F429IDISCO/TouchGFX/gui/src/screen1_screen/Screen1View.o
                0x08000740                Screen1View::handleTickEvent()
 .text._ZN11Screen1View11setupScreenEv
                0x0800074c        0x4 TouchGFX/build/STM32F429IDISCO/TouchGFX/gui/src/screen1_screen/Screen1View.o
                0x0800074c                Screen1View::setupScreen()
 .text._ZN11Screen1ViewD0Ev
                0x08000750        0xe TouchGFX/build/STM32F429IDISCO/TouchGFX/gui/src/screen1_screen/Screen1View.o
                0x08000750                Screen1View::~Screen1View()
 *fill*         0x0800075e        0x2 
 .text._ZN11Screen1ViewC2Ev
                0x08000760       0x1c TouchGFX/build/STM32F429IDISCO/TouchGFX/gui/src/screen1_screen/Screen1View.o
                0x08000760                Screen1View::Screen1View()
                0x08000760                Screen1View::Screen1View()
 .text._ZN5ModelC2Ev
                0x0800077c        0xc TouchGFX/build/STM32F429IDISCO/TouchGFX/gui/src/model/Model.o
                0x0800077c                Model::Model()
                0x0800077c                Model::Model()
 .text._ZN5Model4tickEv
                0x08000788        0x8 TouchGFX/build/STM32F429IDISCO/TouchGFX/gui/src/model/Model.o
                0x08000788                Model::tick()
 .text._ZN5Model6updateEs
                0x08000790        0x4 TouchGFX/build/STM32F429IDISCO/TouchGFX/gui/src/model/Model.o
                0x08000790                Model::update(short)
 .text._ZN5Model9GetImageXEv
                0x08000794        0x6 TouchGFX/build/STM32F429IDISCO/TouchGFX/gui/src/model/Model.o
                0x08000794                Model::GetImageX()
 .text._ZN8touchgfx11Application15appSwitchScreenEh
                0x0800079a        0x2 TouchGFX/build/STM32F429IDISCO/TouchGFX/gui/src/common/FrontendApplication.o
                0x0800079a                touchgfx::Application::appSwitchScreen(unsigned char)
 .text._ZN8touchgfx11Application13requestRedrawERNS_4RectE
                0x0800079c        0xc TouchGFX/build/STM32F429IDISCO/TouchGFX/gui/src/common/FrontendApplication.o
                0x0800079c                touchgfx::Application::requestRedraw(touchgfx::Rect&)
 .text._ZN19FrontendApplicationD2Ev
                0x080007a8        0x2 TouchGFX/build/STM32F429IDISCO/TouchGFX/gui/src/common/FrontendApplication.o
                0x080007a8                FrontendApplication::~FrontendApplication()
                0x080007a8                FrontendApplication::~FrontendApplication()
 .text._ZN23FrontendApplicationBase19changeToStartScreenEv
                0x080007aa        0x4 TouchGFX/build/STM32F429IDISCO/TouchGFX/gui/src/common/FrontendApplication.o
                0x080007aa                FrontendApplicationBase::changeToStartScreen()
 .text._ZN19FrontendApplicationD0Ev
                0x080007ae       0x10 TouchGFX/build/STM32F429IDISCO/TouchGFX/gui/src/common/FrontendApplication.o
                0x080007ae                FrontendApplication::~FrontendApplication()
 .text._ZN19FrontendApplication15handleTickEventEv
                0x080007be       0x16 TouchGFX/build/STM32F429IDISCO/TouchGFX/gui/src/common/FrontendApplication.o
                0x080007be                FrontendApplication::handleTickEvent()
 .text._ZN8touchgfx14MVPApplication29handlePendingScreenTransitionEv
                0x080007d4       0x24 TouchGFX/build/STM32F429IDISCO/TouchGFX/gui/src/common/FrontendApplication.o
                0x080007d4                touchgfx::MVPApplication::handlePendingScreenTransition()
 .text._ZN19FrontendApplicationC2ER5ModelR12FrontendHeap
                0x080007f8       0x14 TouchGFX/build/STM32F429IDISCO/TouchGFX/gui/src/common/FrontendApplication.o
                0x080007f8                FrontendApplication::FrontendApplication(Model&, FrontendHeap&)
                0x080007f8                FrontendApplication::FrontendApplication(Model&, FrontendHeap&)
 .text._ZNK8touchgfx8Drawable17invalidateContentEv
                0x0800080c        0xe TouchGFX/build/STM32F429IDISCO/TouchGFX/generated/gui_generated/src/screen2_screen/Screen2ViewBase.o
                0x0800080c                touchgfx::Drawable::invalidateContent() const
 .text._ZN8touchgfx8Drawable13getFirstChildEv
                0x0800081a        0x4 TouchGFX/build/STM32F429IDISCO/TouchGFX/generated/gui_generated/src/screen2_screen/Screen2ViewBase.o
                0x0800081a                touchgfx::Drawable::getFirstChild()
 .text._ZN8touchgfx8Drawable4setXEs
                0x0800081e        0x4 TouchGFX/build/STM32F429IDISCO/TouchGFX/generated/gui_generated/src/screen2_screen/Screen2ViewBase.o
                0x0800081e                touchgfx::Drawable::setX(short)
 .text._ZN8touchgfx8Drawable4setYEs
                0x08000822        0x4 TouchGFX/build/STM32F429IDISCO/TouchGFX/generated/gui_generated/src/screen2_screen/Screen2ViewBase.o
                0x08000822                touchgfx::Drawable::setY(short)
 .text._ZN8touchgfx8Drawable8setWidthEs
                0x08000826        0x4 TouchGFX/build/STM32F429IDISCO/TouchGFX/generated/gui_generated/src/screen2_screen/Screen2ViewBase.o
                0x08000826                touchgfx::Drawable::setWidth(short)
 .text._ZN8touchgfx8Drawable9setHeightEs
                0x0800082a        0x4 TouchGFX/build/STM32F429IDISCO/TouchGFX/generated/gui_generated/src/screen2_screen/Screen2ViewBase.o
                0x0800082a                touchgfx::Drawable::setHeight(short)
 .text._ZN8touchgfx8Drawable20childGeometryChangedEv
                0x0800082e        0x2 TouchGFX/build/STM32F429IDISCO/TouchGFX/generated/gui_generated/src/screen2_screen/Screen2ViewBase.o
                0x0800082e                touchgfx::Drawable::childGeometryChanged()
 .text._ZN8touchgfx8Drawable16handleClickEventERKNS_10ClickEventE
                0x08000830        0x2 TouchGFX/build/STM32F429IDISCO/TouchGFX/generated/gui_generated/src/screen2_screen/Screen2ViewBase.o
                0x08000830                touchgfx::Drawable::handleClickEvent(touchgfx::ClickEvent const&)
 .text._ZN8touchgfx8Drawable18handleGestureEventERKNS_12GestureEventE
                0x08000832        0x2 TouchGFX/build/STM32F429IDISCO/TouchGFX/generated/gui_generated/src/screen2_screen/Screen2ViewBase.o
                0x08000832                touchgfx::Drawable::handleGestureEvent(touchgfx::GestureEvent const&)
 .text._ZN8touchgfx8Drawable15handleDragEventERKNS_9DragEventE
                0x08000834        0x2 TouchGFX/build/STM32F429IDISCO/TouchGFX/generated/gui_generated/src/screen2_screen/Screen2ViewBase.o
                0x08000834                touchgfx::Drawable::handleDragEvent(touchgfx::DragEvent const&)
 .text._ZN8touchgfx8Drawable15handleTickEventEv
                0x08000836        0x2 TouchGFX/build/STM32F429IDISCO/TouchGFX/generated/gui_generated/src/screen2_screen/Screen2ViewBase.o
                0x08000836                touchgfx::Drawable::handleTickEvent()
 .text._ZN8touchgfx8Drawable6moveToEss
                0x08000838       0x18 TouchGFX/build/STM32F429IDISCO/TouchGFX/generated/gui_generated/src/screen2_screen/Screen2ViewBase.o
                0x08000838                touchgfx::Drawable::moveTo(short, short)
 .text._ZN8touchgfx8Drawable14setupDrawChainERKNS_4RectEPPS0_
                0x08000850       0x14 TouchGFX/build/STM32F429IDISCO/TouchGFX/generated/gui_generated/src/screen2_screen/Screen2ViewBase.o
                0x08000850                touchgfx::Drawable::setupDrawChain(touchgfx::Rect const&, touchgfx::Drawable**)
 .text._ZN8touchgfx9Container13getFirstChildEv
                0x08000864        0x4 TouchGFX/build/STM32F429IDISCO/TouchGFX/generated/gui_generated/src/screen2_screen/Screen2ViewBase.o
                0x08000864                touchgfx::Container::getFirstChild()
 .text._ZN8touchgfx6Screen11setupScreenEv
                0x08000868        0x2 TouchGFX/build/STM32F429IDISCO/TouchGFX/generated/gui_generated/src/screen2_screen/Screen2ViewBase.o
                0x08000868                touchgfx::Screen::setupScreen()
 .text._ZN8touchgfx6Screen14tearDownScreenEv
                0x0800086a        0x2 TouchGFX/build/STM32F429IDISCO/TouchGFX/generated/gui_generated/src/screen2_screen/Screen2ViewBase.o
                0x0800086a                touchgfx::Screen::tearDownScreen()
 .text._ZN8touchgfx6Screen15handleTickEventEv
                0x0800086c        0x2 TouchGFX/build/STM32F429IDISCO/TouchGFX/generated/gui_generated/src/screen2_screen/Screen2ViewBase.o
                0x0800086c                touchgfx::Screen::handleTickEvent()
 .text._ZN8touchgfx6Widget12getLastChildEssPPNS_8DrawableE
                0x0800086e       0x10 TouchGFX/build/STM32F429IDISCO/TouchGFX/generated/gui_generated/src/screen2_screen/Screen2ViewBase.o
                0x0800086e                touchgfx::Widget::getLastChild(short, short, touchgfx::Drawable**)
 .text._ZN15Screen2ViewBaseD2Ev
                0x0800087e        0x2 TouchGFX/build/STM32F429IDISCO/TouchGFX/generated/gui_generated/src/screen2_screen/Screen2ViewBase.o
                0x0800087e                Screen2ViewBase::~Screen2ViewBase()
                0x0800087e                Screen2ViewBase::~Screen2ViewBase()
 .text._ZN15Screen2ViewBase11setupScreenEv
                0x08000880        0x2 TouchGFX/build/STM32F429IDISCO/TouchGFX/generated/gui_generated/src/screen2_screen/Screen2ViewBase.o
                0x08000880                Screen2ViewBase::setupScreen()
 .text._ZN8touchgfx8CallbackI15Screen2ViewBaseRKNS_23AbstractButtonContainerEvvED2Ev
                0x08000882        0x2 TouchGFX/build/STM32F429IDISCO/TouchGFX/generated/gui_generated/src/screen2_screen/Screen2ViewBase.o
                0x08000882                touchgfx::Callback<Screen2ViewBase, touchgfx::AbstractButtonContainer const&, void, void>::~Callback()
                0x08000882                touchgfx::Callback<Screen2ViewBase, touchgfx::AbstractButtonContainer const&, void, void>::~Callback()
 .text._ZN8touchgfx15IconButtonStyleINS_18ClickButtonTriggerEED2Ev
                0x08000884        0x2 TouchGFX/build/STM32F429IDISCO/TouchGFX/generated/gui_generated/src/screen2_screen/Screen2ViewBase.o
                0x08000884                touchgfx::IconButtonStyle<touchgfx::ClickButtonTrigger>::~IconButtonStyle()
                0x08000884                touchgfx::IconButtonStyle<touchgfx::ClickButtonTrigger>::~IconButtonStyle()
 .text._ZN8touchgfx8CallbackI15Screen2ViewBaseRKNS_23AbstractButtonContainerEvvE7executeES4_
                0x08000886       0x1e TouchGFX/build/STM32F429IDISCO/TouchGFX/generated/gui_generated/src/screen2_screen/Screen2ViewBase.o
                0x08000886                touchgfx::Callback<Screen2ViewBase, touchgfx::AbstractButtonContainer const&, void, void>::execute(touchgfx::AbstractButtonContainer const&)
 .text._ZNK8touchgfx8CallbackI15Screen2ViewBaseRKNS_23AbstractButtonContainerEvvE7isValidEv
                0x080008a4       0x18 TouchGFX/build/STM32F429IDISCO/TouchGFX/generated/gui_generated/src/screen2_screen/Screen2ViewBase.o
                0x080008a4                touchgfx::Callback<Screen2ViewBase, touchgfx::AbstractButtonContainer const&, void, void>::isValid() const
 .text._ZN8touchgfx15IconButtonStyleINS_18ClickButtonTriggerEE18handleAlphaUpdatedEv
                0x080008bc        0xa TouchGFX/build/STM32F429IDISCO/TouchGFX/generated/gui_generated/src/screen2_screen/Screen2ViewBase.o
                0x080008bc                touchgfx::IconButtonStyle<touchgfx::ClickButtonTrigger>::handleAlphaUpdated()
 .text._ZN8touchgfx15IconButtonStyleINS_18ClickButtonTriggerEE20handlePressedUpdatedEv
                0x080008c6       0x14 TouchGFX/build/STM32F429IDISCO/TouchGFX/generated/gui_generated/src/screen2_screen/Screen2ViewBase.o
                0x080008c6                touchgfx::IconButtonStyle<touchgfx::ClickButtonTrigger>::handlePressedUpdated()
 .text._ZN8touchgfx15IconButtonStyleINS_18ClickButtonTriggerEED0Ev
                0x080008da        0xe TouchGFX/build/STM32F429IDISCO/TouchGFX/generated/gui_generated/src/screen2_screen/Screen2ViewBase.o
                0x080008da                touchgfx::IconButtonStyle<touchgfx::ClickButtonTrigger>::~IconButtonStyle()
 .text._ZN8touchgfx8CallbackI15Screen2ViewBaseRKNS_23AbstractButtonContainerEvvED0Ev
                0x080008e8        0xe TouchGFX/build/STM32F429IDISCO/TouchGFX/generated/gui_generated/src/screen2_screen/Screen2ViewBase.o
                0x080008e8                touchgfx::Callback<Screen2ViewBase, touchgfx::AbstractButtonContainer const&, void, void>::~Callback()
 .text._ZN15Screen2ViewBaseD0Ev
                0x080008f6       0x10 TouchGFX/build/STM32F429IDISCO/TouchGFX/generated/gui_generated/src/screen2_screen/Screen2ViewBase.o
                0x080008f6                Screen2ViewBase::~Screen2ViewBase()
 .text._ZN8touchgfx23AbstractButtonContainer13executeActionEv
                0x08000906       0x20 TouchGFX/build/STM32F429IDISCO/TouchGFX/generated/gui_generated/src/screen2_screen/Screen2ViewBase.o
                0x08000906                touchgfx::AbstractButtonContainer::executeAction()
 .text._ZN8touchgfx18ClickButtonTrigger16handleClickEventERKNS_10ClickEventE
                0x08000926       0x48 TouchGFX/build/STM32F429IDISCO/TouchGFX/generated/gui_generated/src/screen2_screen/Screen2ViewBase.o
                0x08000926                touchgfx::ClickButtonTrigger::handleClickEvent(touchgfx::ClickEvent const&)
 .text._ZN15Screen2ViewBase25flexButtonCallbackHandlerERKN8touchgfx23AbstractButtonContainerE
                0x0800096e       0x22 TouchGFX/build/STM32F429IDISCO/TouchGFX/generated/gui_generated/src/screen2_screen/Screen2ViewBase.o
                0x0800096e                Screen2ViewBase::flexButtonCallbackHandler(touchgfx::AbstractButtonContainer const&)
 .text._ZN8touchgfx8DrawableC2Ev
                0x08000990       0x30 TouchGFX/build/STM32F429IDISCO/TouchGFX/generated/gui_generated/src/screen2_screen/Screen2ViewBase.o
                0x08000990                touchgfx::Drawable::Drawable()
                0x08000990                touchgfx::Drawable::Drawable()
 .text._ZN8touchgfx8Drawable5setXYEss
                0x080009c0       0x1a TouchGFX/build/STM32F429IDISCO/TouchGFX/generated/gui_generated/src/screen2_screen/Screen2ViewBase.o
                0x080009c0                touchgfx::Drawable::setXY(short, short)
 .text._ZN8touchgfx15IconButtonStyleINS_18ClickButtonTriggerEE14setIconBitmapsERKNS_6BitmapES5_
                0x080009da       0x5a TouchGFX/build/STM32F429IDISCO/TouchGFX/generated/gui_generated/src/screen2_screen/Screen2ViewBase.o
                0x080009da                touchgfx::IconButtonStyle<touchgfx::ClickButtonTrigger>::setIconBitmaps(touchgfx::Bitmap const&, touchgfx::Bitmap const&)
 .text._ZN8touchgfx8Drawable11setPositionEssss
                0x08000a34       0x26 TouchGFX/build/STM32F429IDISCO/TouchGFX/generated/gui_generated/src/screen2_screen/Screen2ViewBase.o
                0x08000a34                touchgfx::Drawable::setPosition(short, short, short, short)
 *fill*         0x08000a5a        0x2 
 .text._ZN8touchgfx5ImageC2ERKNS_6BitmapE
                0x08000a5c       0x34 TouchGFX/build/STM32F429IDISCO/TouchGFX/generated/gui_generated/src/screen2_screen/Screen2ViewBase.o
                0x08000a5c                touchgfx::Image::Image(touchgfx::Bitmap const&)
                0x08000a5c                touchgfx::Image::Image(touchgfx::Bitmap const&)
 .text._ZN15Screen2ViewBaseC2Ev
                0x08000a90      0x27c TouchGFX/build/STM32F429IDISCO/TouchGFX/generated/gui_generated/src/screen2_screen/Screen2ViewBase.o
                0x08000a90                Screen2ViewBase::Screen2ViewBase()
                0x08000a90                Screen2ViewBase::Screen2ViewBase()
 .text._ZN15Screen1ViewBaseD2Ev
                0x08000d0c        0x2 TouchGFX/build/STM32F429IDISCO/TouchGFX/generated/gui_generated/src/screen1_screen/Screen1ViewBase.o
                0x08000d0c                Screen1ViewBase::~Screen1ViewBase()
                0x08000d0c                Screen1ViewBase::~Screen1ViewBase()
 .text._ZN15Screen1ViewBase11setupScreenEv
                0x08000d0e        0x2 TouchGFX/build/STM32F429IDISCO/TouchGFX/generated/gui_generated/src/screen1_screen/Screen1ViewBase.o
                0x08000d0e                Screen1ViewBase::setupScreen()
 .text._ZN8touchgfx8CallbackI15Screen1ViewBaseRKNS_14AbstractButtonEvvED2Ev
                0x08000d10        0x2 TouchGFX/build/STM32F429IDISCO/TouchGFX/generated/gui_generated/src/screen1_screen/Screen1ViewBase.o
                0x08000d10                touchgfx::Callback<Screen1ViewBase, touchgfx::AbstractButton const&, void, void>::~Callback()
                0x08000d10                touchgfx::Callback<Screen1ViewBase, touchgfx::AbstractButton const&, void, void>::~Callback()
 .text._ZN8touchgfx8CallbackI15Screen1ViewBaseRKNS_14AbstractButtonEvvE7executeES4_
                0x08000d12       0x1e TouchGFX/build/STM32F429IDISCO/TouchGFX/generated/gui_generated/src/screen1_screen/Screen1ViewBase.o
                0x08000d12                touchgfx::Callback<Screen1ViewBase, touchgfx::AbstractButton const&, void, void>::execute(touchgfx::AbstractButton const&)
 .text._ZNK8touchgfx8CallbackI15Screen1ViewBaseRKNS_14AbstractButtonEvvE7isValidEv
                0x08000d30       0x18 TouchGFX/build/STM32F429IDISCO/TouchGFX/generated/gui_generated/src/screen1_screen/Screen1ViewBase.o
                0x08000d30                touchgfx::Callback<Screen1ViewBase, touchgfx::AbstractButton const&, void, void>::isValid() const
 .text._ZN8touchgfx8CallbackI15Screen1ViewBaseRKNS_14AbstractButtonEvvED0Ev
                0x08000d48        0xe TouchGFX/build/STM32F429IDISCO/TouchGFX/generated/gui_generated/src/screen1_screen/Screen1ViewBase.o
                0x08000d48                touchgfx::Callback<Screen1ViewBase, touchgfx::AbstractButton const&, void, void>::~Callback()
 .text._ZN15Screen1ViewBaseD0Ev
                0x08000d56        0xe TouchGFX/build/STM32F429IDISCO/TouchGFX/generated/gui_generated/src/screen1_screen/Screen1ViewBase.o
                0x08000d56                Screen1ViewBase::~Screen1ViewBase()
 .text._ZN15Screen1ViewBase21buttonCallbackHandlerERKN8touchgfx14AbstractButtonE
                0x08000d64       0x16 TouchGFX/build/STM32F429IDISCO/TouchGFX/generated/gui_generated/src/screen1_screen/Screen1ViewBase.o
                0x08000d64                Screen1ViewBase::buttonCallbackHandler(touchgfx::AbstractButton const&)
 *fill*         0x08000d7a        0x2 
 .text._ZN15Screen1ViewBaseC2Ev
                0x08000d7c      0x134 TouchGFX/build/STM32F429IDISCO/TouchGFX/generated/gui_generated/src/screen1_screen/Screen1ViewBase.o
                0x08000d7c                Screen1ViewBase::Screen1ViewBase()
                0x08000d7c                Screen1ViewBase::Screen1ViewBase()
 .text._ZN8touchgfx11Application19changeToStartScreenEv
                0x08000eb0        0x2 TouchGFX/build/STM32F429IDISCO/TouchGFX/generated/gui_generated/src/common/FrontendApplicationBase.o
                0x08000eb0                touchgfx::Application::changeToStartScreen()
 .text._ZN8touchgfx10Transition8tearDownEv
                0x08000eb2        0x2 TouchGFX/build/STM32F429IDISCO/TouchGFX/generated/gui_generated/src/common/FrontendApplicationBase.o
                0x08000eb2                touchgfx::Transition::tearDown()
 .text._ZN8touchgfx10Transition4initEv
                0x08000eb4        0x2 TouchGFX/build/STM32F429IDISCO/TouchGFX/generated/gui_generated/src/common/FrontendApplicationBase.o
                0x08000eb4                touchgfx::Transition::init()
 .text._ZN8touchgfx10Transition18setScreenContainerERNS_9ContainerE
                0x08000eb6        0x4 TouchGFX/build/STM32F429IDISCO/TouchGFX/generated/gui_generated/src/common/FrontendApplicationBase.o
                0x08000eb6                touchgfx::Transition::setScreenContainer(touchgfx::Container&)
 .text._ZN23FrontendApplicationBaseD2Ev
                0x08000eba        0x2 TouchGFX/build/STM32F429IDISCO/TouchGFX/generated/gui_generated/src/common/FrontendApplicationBase.o
                0x08000eba                FrontendApplicationBase::~FrontendApplicationBase()
                0x08000eba                FrontendApplicationBase::~FrontendApplicationBase()
 .text._ZN8touchgfx12NoTransition15handleTickEventEv
                0x08000ebc        0x6 TouchGFX/build/STM32F429IDISCO/TouchGFX/generated/gui_generated/src/common/FrontendApplicationBase.o
                0x08000ebc                touchgfx::NoTransition::handleTickEvent()
 .text._ZN8touchgfx14WipeTransitionILNS_9DirectionE2EE13FullSolidRectD2Ev
                0x08000ec2        0x2 TouchGFX/build/STM32F429IDISCO/TouchGFX/generated/gui_generated/src/common/FrontendApplicationBase.o
                0x08000ec2                touchgfx::WipeTransition<(touchgfx::Direction)2>::FullSolidRect::~FullSolidRect()
                0x08000ec2                touchgfx::WipeTransition<(touchgfx::Direction)2>::FullSolidRect::~FullSolidRect()
 .text._ZN8touchgfx8CallbackINS_15CoverTransitionILNS_9DirectionE2EEERNS_8DrawableEvvED2Ev
                0x08000ec4        0x2 TouchGFX/build/STM32F429IDISCO/TouchGFX/generated/gui_generated/src/common/FrontendApplicationBase.o
                0x08000ec4                touchgfx::Callback<touchgfx::CoverTransition<(touchgfx::Direction)2>, touchgfx::Drawable&, void, void>::~Callback()
                0x08000ec4                touchgfx::Callback<touchgfx::CoverTransition<(touchgfx::Direction)2>, touchgfx::Drawable&, void, void>::~Callback()
 .text._ZN8touchgfx15CoverTransitionILNS_9DirectionE2EE13FullSolidRectD2Ev
                0x08000ec6        0x2 TouchGFX/build/STM32F429IDISCO/TouchGFX/generated/gui_generated/src/common/FrontendApplicationBase.o
                0x08000ec6                touchgfx::CoverTransition<(touchgfx::Direction)2>::FullSolidRect::~FullSolidRect()
                0x08000ec6                touchgfx::CoverTransition<(touchgfx::Direction)2>::FullSolidRect::~FullSolidRect()
 .text._ZN8touchgfx15CoverTransitionILNS_9DirectionE2EE16tickMoveDrawableERNS_8DrawableE
                0x08000ec8       0x18 TouchGFX/build/STM32F429IDISCO/TouchGFX/generated/gui_generated/src/common/FrontendApplicationBase.o
                0x08000ec8                touchgfx::CoverTransition<(touchgfx::Direction)2>::tickMoveDrawable(touchgfx::Drawable&)
 .text._ZN8touchgfx14WipeTransitionILNS_9DirectionE2EED2Ev
                0x08000ee0        0x2 TouchGFX/build/STM32F429IDISCO/TouchGFX/generated/gui_generated/src/common/FrontendApplicationBase.o
                0x08000ee0                touchgfx::WipeTransition<(touchgfx::Direction)2>::~WipeTransition()
                0x08000ee0                touchgfx::WipeTransition<(touchgfx::Direction)2>::~WipeTransition()
 .text._ZN8touchgfx15CoverTransitionILNS_9DirectionE2EED2Ev
                0x08000ee2        0x2 TouchGFX/build/STM32F429IDISCO/TouchGFX/generated/gui_generated/src/common/FrontendApplicationBase.o
                0x08000ee2                touchgfx::CoverTransition<(touchgfx::Direction)2>::~CoverTransition()
                0x08000ee2                touchgfx::CoverTransition<(touchgfx::Direction)2>::~CoverTransition()
 .text._ZN8touchgfx12NoTransitionD2Ev
                0x08000ee4        0x2 TouchGFX/build/STM32F429IDISCO/TouchGFX/generated/gui_generated/src/common/FrontendApplicationBase.o
                0x08000ee4                touchgfx::NoTransition::~NoTransition()
                0x08000ee4                touchgfx::NoTransition::~NoTransition()
 .text._ZN8touchgfx8CallbackI23FrontendApplicationBasevvvED2Ev
                0x08000ee6        0x2 TouchGFX/build/STM32F429IDISCO/TouchGFX/generated/gui_generated/src/common/FrontendApplicationBase.o
                0x08000ee6                touchgfx::Callback<FrontendApplicationBase, void, void, void>::~Callback()
                0x08000ee6                touchgfx::Callback<FrontendApplicationBase, void, void, void>::~Callback()
 .text._ZN8touchgfx14WipeTransitionILNS_9DirectionE2EE8tearDownEv
                0x08000ee8        0xe TouchGFX/build/STM32F429IDISCO/TouchGFX/generated/gui_generated/src/common/FrontendApplicationBase.o
                0x08000ee8                touchgfx::WipeTransition<(touchgfx::Direction)2>::tearDown()
 .text._ZN8touchgfx14WipeTransitionILNS_9DirectionE2EE4initEv
                0x08000ef6        0xe TouchGFX/build/STM32F429IDISCO/TouchGFX/generated/gui_generated/src/common/FrontendApplicationBase.o
                0x08000ef6                touchgfx::WipeTransition<(touchgfx::Direction)2>::init()
 .text._ZN8touchgfx14WipeTransitionILNS_9DirectionE2EE10invalidateEv
                0x08000f04        0x2 TouchGFX/build/STM32F429IDISCO/TouchGFX/generated/gui_generated/src/common/FrontendApplicationBase.o
                0x08000f04                touchgfx::WipeTransition<(touchgfx::Direction)2>::invalidate()
 .text._ZNK8touchgfx14WipeTransitionILNS_9DirectionE2EE13FullSolidRect4drawERKNS_4RectE
                0x08000f06        0x2 TouchGFX/build/STM32F429IDISCO/TouchGFX/generated/gui_generated/src/common/FrontendApplicationBase.o
                0x08000f06                touchgfx::WipeTransition<(touchgfx::Direction)2>::FullSolidRect::draw(touchgfx::Rect const&) const
 .text._ZNK8touchgfx14WipeTransitionILNS_9DirectionE2EE13FullSolidRect12getSolidRectEv
                0x08000f08       0x16 TouchGFX/build/STM32F429IDISCO/TouchGFX/generated/gui_generated/src/common/FrontendApplicationBase.o
                0x08000f08                touchgfx::WipeTransition<(touchgfx::Direction)2>::FullSolidRect::getSolidRect() const
 .text._ZN8touchgfx15CoverTransitionILNS_9DirectionE2EE8tearDownEv
                0x08000f1e        0xe TouchGFX/build/STM32F429IDISCO/TouchGFX/generated/gui_generated/src/common/FrontendApplicationBase.o
                0x08000f1e                touchgfx::CoverTransition<(touchgfx::Direction)2>::tearDown()
 .text._ZN8touchgfx15CoverTransitionILNS_9DirectionE2EE4initEv
                0x08000f2c       0x30 TouchGFX/build/STM32F429IDISCO/TouchGFX/generated/gui_generated/src/common/FrontendApplicationBase.o
                0x08000f2c                touchgfx::CoverTransition<(touchgfx::Direction)2>::init()
 .text._ZN8touchgfx15CoverTransitionILNS_9DirectionE2EE16initMoveDrawableERNS_8DrawableE
                0x08000f5c       0x14 TouchGFX/build/STM32F429IDISCO/TouchGFX/generated/gui_generated/src/common/FrontendApplicationBase.o
                0x08000f5c                touchgfx::CoverTransition<(touchgfx::Direction)2>::initMoveDrawable(touchgfx::Drawable&)
 .text._ZNK8touchgfx15CoverTransitionILNS_9DirectionE2EE13FullSolidRect4drawERKNS_4RectE
                0x08000f70        0x2 TouchGFX/build/STM32F429IDISCO/TouchGFX/generated/gui_generated/src/common/FrontendApplicationBase.o
                0x08000f70                touchgfx::CoverTransition<(touchgfx::Direction)2>::FullSolidRect::draw(touchgfx::Rect const&) const
 .text._ZNK8touchgfx15CoverTransitionILNS_9DirectionE2EE13FullSolidRect12getSolidRectEv
                0x08000f72       0x16 TouchGFX/build/STM32F429IDISCO/TouchGFX/generated/gui_generated/src/common/FrontendApplicationBase.o
                0x08000f72                touchgfx::CoverTransition<(touchgfx::Direction)2>::FullSolidRect::getSolidRect() const
 .text._ZN8touchgfx8CallbackINS_15CoverTransitionILNS_9DirectionE2EEERNS_8DrawableEvvE7executeES5_
                0x08000f88       0x1e TouchGFX/build/STM32F429IDISCO/TouchGFX/generated/gui_generated/src/common/FrontendApplicationBase.o
                0x08000f88                touchgfx::Callback<touchgfx::CoverTransition<(touchgfx::Direction)2>, touchgfx::Drawable&, void, void>::execute(touchgfx::Drawable&)
 .text._ZNK8touchgfx8CallbackINS_15CoverTransitionILNS_9DirectionE2EEERNS_8DrawableEvvE7isValidEv
                0x08000fa6       0x18 TouchGFX/build/STM32F429IDISCO/TouchGFX/generated/gui_generated/src/common/FrontendApplicationBase.o
                0x08000fa6                touchgfx::Callback<touchgfx::CoverTransition<(touchgfx::Direction)2>, touchgfx::Drawable&, void, void>::isValid() const
 .text._ZN8touchgfx8CallbackI23FrontendApplicationBasevvvE7executeEv
                0x08000fbe       0x20 TouchGFX/build/STM32F429IDISCO/TouchGFX/generated/gui_generated/src/common/FrontendApplicationBase.o
                0x08000fbe                touchgfx::Callback<FrontendApplicationBase, void, void, void>::execute()
 .text._ZNK8touchgfx8CallbackI23FrontendApplicationBasevvvE7isValidEv
                0x08000fde       0x18 TouchGFX/build/STM32F429IDISCO/TouchGFX/generated/gui_generated/src/common/FrontendApplicationBase.o
                0x08000fde                touchgfx::Callback<FrontendApplicationBase, void, void, void>::isValid() const
 .text._ZN8touchgfx12NoTransitionD0Ev
                0x08000ff6        0xe TouchGFX/build/STM32F429IDISCO/TouchGFX/generated/gui_generated/src/common/FrontendApplicationBase.o
                0x08000ff6                touchgfx::NoTransition::~NoTransition()
 .text._ZN23FrontendApplicationBaseD0Ev
                0x08001004       0x10 TouchGFX/build/STM32F429IDISCO/TouchGFX/generated/gui_generated/src/common/FrontendApplicationBase.o
                0x08001004                FrontendApplicationBase::~FrontendApplicationBase()
 .text._ZN8touchgfx8CallbackI23FrontendApplicationBasevvvED0Ev
                0x08001014        0xe TouchGFX/build/STM32F429IDISCO/TouchGFX/generated/gui_generated/src/common/FrontendApplicationBase.o
                0x08001014                touchgfx::Callback<FrontendApplicationBase, void, void, void>::~Callback()
 .text._ZN8touchgfx14WipeTransitionILNS_9DirectionE2EED0Ev
                0x08001022        0xe TouchGFX/build/STM32F429IDISCO/TouchGFX/generated/gui_generated/src/common/FrontendApplicationBase.o
                0x08001022                touchgfx::WipeTransition<(touchgfx::Direction)2>::~WipeTransition()
 .text._ZN8touchgfx14WipeTransitionILNS_9DirectionE2EE13FullSolidRectD0Ev
                0x08001030        0xe TouchGFX/build/STM32F429IDISCO/TouchGFX/generated/gui_generated/src/common/FrontendApplicationBase.o
                0x08001030                touchgfx::WipeTransition<(touchgfx::Direction)2>::FullSolidRect::~FullSolidRect()
 .text._ZN8touchgfx15CoverTransitionILNS_9DirectionE2EE13FullSolidRectD0Ev
                0x0800103e        0xe TouchGFX/build/STM32F429IDISCO/TouchGFX/generated/gui_generated/src/common/FrontendApplicationBase.o
                0x0800103e                touchgfx::CoverTransition<(touchgfx::Direction)2>::FullSolidRect::~FullSolidRect()
 .text._ZN8touchgfx15CoverTransitionILNS_9DirectionE2EED0Ev
                0x0800104c        0xe TouchGFX/build/STM32F429IDISCO/TouchGFX/generated/gui_generated/src/common/FrontendApplicationBase.o
                0x0800104c                touchgfx::CoverTransition<(touchgfx::Direction)2>::~CoverTransition()
 .text._ZN8touchgfx8CallbackINS_15CoverTransitionILNS_9DirectionE2EEERNS_8DrawableEvvED0Ev
                0x0800105a        0xe TouchGFX/build/STM32F429IDISCO/TouchGFX/generated/gui_generated/src/common/FrontendApplicationBase.o
                0x0800105a                touchgfx::Callback<touchgfx::CoverTransition<(touchgfx::Direction)2>, touchgfx::Drawable&, void, void>::~Callback()
 .text._ZN8touchgfx10Transition10invalidateEv
                0x08001068        0xe TouchGFX/build/STM32F429IDISCO/TouchGFX/generated/gui_generated/src/common/FrontendApplicationBase.o
                0x08001068                touchgfx::Transition::invalidate()
 .text._ZN8touchgfx8Drawable14setWidthHeightEss
                0x08001076       0x1a TouchGFX/build/STM32F429IDISCO/TouchGFX/generated/gui_generated/src/common/FrontendApplicationBase.o
                0x08001076                touchgfx::Drawable::setWidthHeight(short, short)
 .text._ZN8touchgfx3HAL3lcdEv
                0x08001090       0x18 TouchGFX/build/STM32F429IDISCO/TouchGFX/generated/gui_generated/src/common/FrontendApplicationBase.o
                0x08001090                touchgfx::HAL::lcd()
 .text._ZN8touchgfx14WipeTransitionILNS_9DirectionE2EE15handleTickEventEv
                0x080010a8       0xd4 TouchGFX/build/STM32F429IDISCO/TouchGFX/generated/gui_generated/src/common/FrontendApplicationBase.o
                0x080010a8                touchgfx::WipeTransition<(touchgfx::Direction)2>::handleTickEvent()
 .text._ZN8touchgfx15CoverTransitionILNS_9DirectionE2EE15handleTickEventEv
                0x0800117c       0xc8 TouchGFX/build/STM32F429IDISCO/TouchGFX/generated/gui_generated/src/common/FrontendApplicationBase.o
                0x0800117c                touchgfx::CoverTransition<(touchgfx::Direction)2>::handleTickEvent()
 .text._ZN23FrontendApplicationBaseC2ER5ModelR12FrontendHeap
                0x08001244       0x60 TouchGFX/build/STM32F429IDISCO/TouchGFX/generated/gui_generated/src/common/FrontendApplicationBase.o
                0x08001244                FrontendApplicationBase::FrontendApplicationBase(Model&, FrontendHeap&)
                0x08001244                FrontendApplicationBase::FrontendApplicationBase(Model&, FrontendHeap&)
 .text._ZN23FrontendApplicationBase29gotoScreen1ScreenNoTransitionEv
                0x080012a4       0x20 TouchGFX/build/STM32F429IDISCO/TouchGFX/generated/gui_generated/src/common/FrontendApplicationBase.o
                0x080012a4                FrontendApplicationBase::gotoScreen1ScreenNoTransition()
 .text._ZN23FrontendApplicationBase35gotoScreen1ScreenWipeTransitionEastEv
                0x080012c4       0x20 TouchGFX/build/STM32F429IDISCO/TouchGFX/generated/gui_generated/src/common/FrontendApplicationBase.o
                0x080012c4                FrontendApplicationBase::gotoScreen1ScreenWipeTransitionEast()
 .text._ZN23FrontendApplicationBase36gotoScreen2ScreenCoverTransitionEastEv
                0x080012e4       0x20 TouchGFX/build/STM32F429IDISCO/TouchGFX/generated/gui_generated/src/common/FrontendApplicationBase.o
                0x080012e4                FrontendApplicationBase::gotoScreen2ScreenCoverTransitionEast()
 .text._ZN8touchgfx14makeTransitionI11Screen1View16Screen1PresenterNS_12NoTransitionE5ModelEEPT0_PPNS_6ScreenEPPNS_9PresenterERNS_7MVPHeapEPPNS_10TransitionEPT2_
                0x08001304      0x13c TouchGFX/build/STM32F429IDISCO/TouchGFX/generated/gui_generated/src/common/FrontendApplicationBase.o
                0x08001304                Screen1Presenter* touchgfx::makeTransition<Screen1View, Screen1Presenter, touchgfx::NoTransition, Model>(touchgfx::Screen**, touchgfx::Presenter**, touchgfx::MVPHeap&, touchgfx::Transition**, Model*)
 .text._ZN23FrontendApplicationBase33gotoScreen1ScreenNoTransitionImplEv
                0x08001440       0x28 TouchGFX/build/STM32F429IDISCO/TouchGFX/generated/gui_generated/src/common/FrontendApplicationBase.o
                0x08001440                FrontendApplicationBase::gotoScreen1ScreenNoTransitionImpl()
 .text._ZN8touchgfx14makeTransitionI11Screen1View16Screen1PresenterNS_14WipeTransitionILNS_9DirectionE2EEE5ModelEEPT0_PPNS_6ScreenEPPNS_9PresenterERNS_7MVPHeapEPPNS_10TransitionEPT2_
                0x08001468      0x19c TouchGFX/build/STM32F429IDISCO/TouchGFX/generated/gui_generated/src/common/FrontendApplicationBase.o
                0x08001468                Screen1Presenter* touchgfx::makeTransition<Screen1View, Screen1Presenter, touchgfx::WipeTransition<(touchgfx::Direction)2>, Model>(touchgfx::Screen**, touchgfx::Presenter**, touchgfx::MVPHeap&, touchgfx::Transition**, Model*)
 .text._ZN23FrontendApplicationBase39gotoScreen1ScreenWipeTransitionEastImplEv
                0x08001604       0x28 TouchGFX/build/STM32F429IDISCO/TouchGFX/generated/gui_generated/src/common/FrontendApplicationBase.o
                0x08001604                FrontendApplicationBase::gotoScreen1ScreenWipeTransitionEastImpl()
 .text._ZN8touchgfx14makeTransitionI11Screen2View16Screen2PresenterNS_15CoverTransitionILNS_9DirectionE2EEE5ModelEEPT0_PPNS_6ScreenEPPNS_9PresenterERNS_7MVPHeapEPPNS_10TransitionEPT2_
                0x0800162c      0x1b4 TouchGFX/build/STM32F429IDISCO/TouchGFX/generated/gui_generated/src/common/FrontendApplicationBase.o
                0x0800162c                Screen2Presenter* touchgfx::makeTransition<Screen2View, Screen2Presenter, touchgfx::CoverTransition<(touchgfx::Direction)2>, Model>(touchgfx::Screen**, touchgfx::Presenter**, touchgfx::MVPHeap&, touchgfx::Transition**, Model*)
 .text._ZN23FrontendApplicationBase40gotoScreen2ScreenCoverTransitionEastImplEv
                0x080017e0       0x28 TouchGFX/build/STM32F429IDISCO/TouchGFX/generated/gui_generated/src/common/FrontendApplicationBase.o
                0x080017e0                FrontendApplicationBase::gotoScreen2ScreenCoverTransitionEastImpl()
 .text._ZNK8touchgfx4Font8getGlyphEt
                0x08001808       0x1e TouchGFX/build/STM32F429IDISCO/TouchGFX/generated/fonts/src/GeneratedFont.o
                0x08001808                touchgfx::Font::getGlyph(unsigned short) const
 .text._ZNK8touchgfx4Font15getFallbackCharEv
                0x08001826        0x4 TouchGFX/build/STM32F429IDISCO/TouchGFX/generated/fonts/src/GeneratedFont.o
                0x08001826                touchgfx::Font::getFallbackChar() const
 .text._ZNK8touchgfx4Font15getEllipsisCharEv
                0x0800182a        0x4 TouchGFX/build/STM32F429IDISCO/TouchGFX/generated/fonts/src/GeneratedFont.o
                0x0800182a                touchgfx::Font::getEllipsisChar() const
 .text._ZNK8touchgfx4Font13getFontHeightEv
                0x0800182e        0x4 TouchGFX/build/STM32F429IDISCO/TouchGFX/generated/fonts/src/GeneratedFont.o
                0x0800182e                touchgfx::Font::getFontHeight() const
 .text._ZNK8touchgfx4Font20getMinimumTextHeightEv
                0x08001832        0xa TouchGFX/build/STM32F429IDISCO/TouchGFX/generated/fonts/src/GeneratedFont.o
                0x08001832                touchgfx::Font::getMinimumTextHeight() const
 .text._ZNK8touchgfx4Font15getBitsPerPixelEv
                0x0800183c        0x8 TouchGFX/build/STM32F429IDISCO/TouchGFX/generated/fonts/src/GeneratedFont.o
                0x0800183c                touchgfx::Font::getBitsPerPixel() const
 .text._ZNK8touchgfx4Font15getByteAlignRowEv
                0x08001844        0x6 TouchGFX/build/STM32F429IDISCO/TouchGFX/generated/fonts/src/GeneratedFont.o
                0x08001844                touchgfx::Font::getByteAlignRow() const
 .text._ZNK8touchgfx13GeneratedFont12getGSUBTableEv
                0x0800184a        0x4 TouchGFX/build/STM32F429IDISCO/TouchGFX/generated/fonts/src/GeneratedFont.o
                0x0800184a                touchgfx::GeneratedFont::getGSUBTable() const
 .text._ZNK8touchgfx13GeneratedFont23getContextualFormsTableEv
                0x0800184e        0x4 TouchGFX/build/STM32F429IDISCO/TouchGFX/generated/fonts/src/GeneratedFont.o
                0x0800184e                touchgfx::GeneratedFont::getContextualFormsTable() const
 .text._ZN8touchgfx13GeneratedFontD2Ev
                0x08001852        0x2 TouchGFX/build/STM32F429IDISCO/TouchGFX/generated/fonts/src/GeneratedFont.o
                0x08001852                touchgfx::GeneratedFont::~GeneratedFont()
                0x08001852                touchgfx::GeneratedFont::~GeneratedFont()
 .text._ZNK8touchgfx13GeneratedFont12getPixelDataEPKNS_9GlyphNodeE
                0x08001854       0x10 TouchGFX/build/STM32F429IDISCO/TouchGFX/generated/fonts/src/GeneratedFont.o
                0x08001854                touchgfx::GeneratedFont::getPixelData(touchgfx::GlyphNode const*) const
 .text._ZNK8touchgfx13GeneratedFont10getKerningEtPKNS_9GlyphNodeE
                0x08001864       0x3a TouchGFX/build/STM32F429IDISCO/TouchGFX/generated/fonts/src/GeneratedFont.o
                0x08001864                touchgfx::GeneratedFont::getKerning(unsigned short, touchgfx::GlyphNode const*) const
 .text._ZN8touchgfx13GeneratedFontD0Ev
                0x0800189e        0xe TouchGFX/build/STM32F429IDISCO/TouchGFX/generated/fonts/src/GeneratedFont.o
                0x0800189e                touchgfx::GeneratedFont::~GeneratedFont()
 .text._ZN8touchgfx13GeneratedFontC2EPKNS_9GlyphNodeEtthhhhhPKPKhPKNS_11KerningNodeEttPKtPKNS_24FontContextualFormsTableE
                0x080018ac       0x54 TouchGFX/build/STM32F429IDISCO/TouchGFX/generated/fonts/src/GeneratedFont.o
                0x080018ac                touchgfx::GeneratedFont::GeneratedFont(touchgfx::GlyphNode const*, unsigned short, unsigned short, unsigned char, unsigned char, unsigned char, unsigned char, unsigned char, unsigned char const* const*, touchgfx::KerningNode const*, unsigned short, unsigned short, unsigned short const*, touchgfx::FontContextualFormsTable const*)
                0x080018ac                touchgfx::GeneratedFont::GeneratedFont(touchgfx::GlyphNode const*, unsigned short, unsigned short, unsigned char, unsigned char, unsigned char, unsigned char, unsigned char, unsigned char const* const*, touchgfx::KerningNode const*, unsigned short, unsigned short, unsigned short const*, touchgfx::FontContextualFormsTable const*)
 .text._Z23getFont_verdana_10_4bppv
                0x08001900       0x78 TouchGFX/build/STM32F429IDISCO/TouchGFX/generated/fonts/src/Table_verdana_10_4bpp.o
                0x08001900                getFont_verdana_10_4bpp()
 .text._Z23getFont_verdana_40_4bppv
                0x08001978       0x78 TouchGFX/build/STM32F429IDISCO/TouchGFX/generated/fonts/src/Table_verdana_40_4bpp.o
                0x08001978                getFont_verdana_40_4bpp()
 .text._Z23getFont_verdana_20_4bppv
                0x080019f0       0x78 TouchGFX/build/STM32F429IDISCO/TouchGFX/generated/fonts/src/Table_verdana_20_4bpp.o
                0x080019f0                getFont_verdana_20_4bpp()
 .text._ZN23ApplicationFontProviderD2Ev
                0x08001a68        0x2 TouchGFX/build/STM32F429IDISCO/TouchGFX/generated/fonts/src/ApplicationFontProvider.o
                0x08001a68                ApplicationFontProvider::~ApplicationFontProvider()
                0x08001a68                ApplicationFontProvider::~ApplicationFontProvider()
 .text._ZN23ApplicationFontProviderD0Ev
                0x08001a6a        0xe TouchGFX/build/STM32F429IDISCO/TouchGFX/generated/fonts/src/ApplicationFontProvider.o
                0x08001a6a                ApplicationFontProvider::~ApplicationFontProvider()
 .text._ZN23ApplicationFontProvider7getFontEt
                0x08001a78       0x28 TouchGFX/build/STM32F429IDISCO/TouchGFX/generated/fonts/src/ApplicationFontProvider.o
                0x08001a78                ApplicationFontProvider::getFont(unsigned short)
 .text._ZN14BitmapDatabase11getInstanceEv
                0x08001aa0        0x8 TouchGFX/build/STM32F429IDISCO/TouchGFX/generated/images/src/BitmapDatabase.o
                0x08001aa0                BitmapDatabase::getInstance()
 .text._ZN14BitmapDatabase15getInstanceSizeEv
                0x08001aa8        0x4 TouchGFX/build/STM32F429IDISCO/TouchGFX/generated/images/src/BitmapDatabase.o
                0x08001aa8                BitmapDatabase::getInstanceSize()
 .text._ZN17TypedTextDatabase15getInstanceSizeEv
                0x08001aac        0x4 TouchGFX/build/STM32F429IDISCO/TouchGFX/generated/texts/src/TypedTextDatabase.o
                0x08001aac                TypedTextDatabase::getInstanceSize()
 .text._ZN17TypedTextDatabase8getFontsEv
                0x08001ab0        0x8 TouchGFX/build/STM32F429IDISCO/TouchGFX/generated/texts/src/TypedTextDatabase.o
                0x08001ab0                TypedTextDatabase::getFonts()
 .text.startup._GLOBAL__sub_I_touchgfx_fonts
                0x08001ab8       0x1c TouchGFX/build/STM32F429IDISCO/TouchGFX/generated/texts/src/TypedTextDatabase.o
 .text._ZNK8touchgfx4Font12getGSUBTableEv
                0x08001ad4        0x4 TouchGFX/build/STM32F429IDISCO/TouchGFX/generated/texts/src/Texts.o
                0x08001ad4                touchgfx::Font::getGSUBTable() const
 .text._ZNK8touchgfx4Font23getContextualFormsTableEv
                0x08001ad8        0x4 TouchGFX/build/STM32F429IDISCO/TouchGFX/generated/texts/src/Texts.o
                0x08001ad8                touchgfx::Font::getContextualFormsTable() const
 .text._ZNK8touchgfx4Font14getStringWidthEPKtz
                0x08001adc       0x1c TouchGFX/build/STM32F429IDISCO/TouchGFX/generated/texts/src/Texts.o
                0x08001adc                touchgfx::Font::getStringWidth(unsigned short const*, ...) const
 .text._ZNK8touchgfx4Font14getStringWidthEhPKtz
                0x08001af8       0x1a TouchGFX/build/STM32F429IDISCO/TouchGFX/generated/texts/src/Texts.o
                0x08001af8                touchgfx::Font::getStringWidth(unsigned char, unsigned short const*, ...) const
 *fill*         0x08001b12        0x2 
 .text._ZN8touchgfx12TextProvider15getNextLigatureEh
                0x08001b14       0x84 TouchGFX/build/STM32F429IDISCO/TouchGFX/generated/texts/src/Texts.o
                0x08001b14                touchgfx::TextProvider::getNextLigature(unsigned char)
 .text._ZN8touchgfx12TextProvider18initializeInternalEv
                0x08001b98        0x4 TouchGFX/build/STM32F429IDISCO/TouchGFX/generated/texts/src/Texts.o
                0x08001b98                touchgfx::TextProvider::initializeInternal()
 .text._ZN8touchgfx5Texts11setLanguageEt
                0x08001b9c       0x74 TouchGFX/build/STM32F429IDISCO/TouchGFX/generated/texts/src/Texts.o
                0x08001b9c                touchgfx::Texts::setLanguage(unsigned short)
 .text._ZN8touchgfx3HAL21setDisplayOrientationENS_18DisplayOrientationE
                0x08001c10        0xc TouchGFX/build/STM32F429IDISCO/TouchGFX/target/generated/TouchGFXGeneratedHAL.o
                0x08001c10                touchgfx::HAL::setDisplayOrientation(touchgfx::DisplayOrientation)
 .text._ZN8touchgfx3HAL9sampleKeyERh
                0x08001c1c        0x4 TouchGFX/build/STM32F429IDISCO/TouchGFX/target/generated/TouchGFXGeneratedHAL.o
                0x08001c1c                touchgfx::HAL::sampleKey(unsigned char&)
 .text._ZN8touchgfx3HAL19setAnimationStorageEPv
                0x08001c20       0x14 TouchGFX/build/STM32F429IDISCO/TouchGFX/target/generated/TouchGFXGeneratedHAL.o
                0x08001c20                touchgfx::HAL::setAnimationStorage(void*)
 .text._ZNK8touchgfx3HAL18getFlashDataReaderEv
                0x08001c34        0x4 TouchGFX/build/STM32F429IDISCO/TouchGFX/target/generated/TouchGFXGeneratedHAL.o
                0x08001c34                touchgfx::HAL::getFlashDataReader() const
 .text._ZN8touchgfx3HAL9taskDelayEt
                0x08001c38        0xa TouchGFX/build/STM32F429IDISCO/TouchGFX/target/generated/TouchGFXGeneratedHAL.o
                0x08001c38                touchgfx::HAL::taskDelay(unsigned short)
 .text._ZN8touchgfx3HAL17getTFTCurrentLineEv
                0x08001c42        0x6 TouchGFX/build/STM32F429IDISCO/TouchGFX/target/generated/TouchGFXGeneratedHAL.o
                0x08001c42                touchgfx::HAL::getTFTCurrentLine()
 .text._ZN8touchgfx3HAL10getDMATypeEv
                0x08001c48        0x8 TouchGFX/build/STM32F429IDISCO/TouchGFX/target/generated/TouchGFXGeneratedHAL.o
                0x08001c48                touchgfx::HAL::getDMAType()
 .text._ZN8touchgfx3HAL15InvalidateCacheEv
                0x08001c50        0x2 TouchGFX/build/STM32F429IDISCO/TouchGFX/target/generated/TouchGFXGeneratedHAL.o
                0x08001c50                touchgfx::HAL::InvalidateCache()
 .text._ZN8touchgfx3HAL10FlushCacheEv
                0x08001c52        0x2 TouchGFX/build/STM32F429IDISCO/TouchGFX/target/generated/TouchGFXGeneratedHAL.o
                0x08001c52                touchgfx::HAL::FlushCache()
 .text._ZN20TouchGFXGeneratedHAL19configureInterruptsEv
                0x08001c54       0x14 TouchGFX/build/STM32F429IDISCO/TouchGFX/target/generated/TouchGFXGeneratedHAL.o
                0x08001c54                TouchGFXGeneratedHAL::configureInterrupts()
 .text._ZN20TouchGFXGeneratedHAL28enableLCDControllerInterruptEv
                0x08001c68       0x34 TouchGFX/build/STM32F429IDISCO/TouchGFX/target/generated/TouchGFXGeneratedHAL.o
                0x08001c68                TouchGFXGeneratedHAL::enableLCDControllerInterrupt()
 .text._ZNK20TouchGFXGeneratedHAL17getTFTFrameBufferEv
                0x08001c9c        0xc TouchGFX/build/STM32F429IDISCO/TouchGFX/target/generated/TouchGFXGeneratedHAL.o
                0x08001c9c                TouchGFXGeneratedHAL::getTFTFrameBuffer() const
 .text._ZN20TouchGFXGeneratedHAL17setTFTFrameBufferEPt
                0x08001ca8       0x10 TouchGFX/build/STM32F429IDISCO/TouchGFX/target/generated/TouchGFXGeneratedHAL.o
                0x08001ca8                TouchGFXGeneratedHAL::setTFTFrameBuffer(unsigned short*)
 .text._ZN20TouchGFXGeneratedHAL10initializeEv
                0x08001cb8       0x34 TouchGFX/build/STM32F429IDISCO/TouchGFX/target/generated/TouchGFXGeneratedHAL.o
                0x08001cb8                TouchGFXGeneratedHAL::initialize()
 .text._ZN8touchgfx3HAL28setFrameBufferStartAddressesEPvS1_S1_
                0x08001cec       0x40 TouchGFX/build/STM32F429IDISCO/TouchGFX/target/generated/TouchGFXGeneratedHAL.o
                0x08001cec                touchgfx::HAL::setFrameBufferStartAddresses(void*, void*, void*)
 .text._ZN8touchgfx3HAL18setFrameBufferSizeEtt
                0x08001d2c       0x44 TouchGFX/build/STM32F429IDISCO/TouchGFX/target/generated/TouchGFXGeneratedHAL.o
                0x08001d2c                touchgfx::HAL::setFrameBufferSize(unsigned short, unsigned short)
 .text._ZN20TouchGFXGeneratedHAL10beginFrameEv
                0x08001d70        0x4 TouchGFX/build/STM32F429IDISCO/TouchGFX/target/generated/TouchGFXGeneratedHAL.o
                0x08001d70                TouchGFXGeneratedHAL::beginFrame()
 .text._ZN20TouchGFXGeneratedHAL8endFrameEv
                0x08001d74       0x14 TouchGFX/build/STM32F429IDISCO/TouchGFX/target/generated/TouchGFXGeneratedHAL.o
                0x08001d74                TouchGFXGeneratedHAL::endFrame()
 .text._ZN20TouchGFXGeneratedHAL16flushFrameBufferERKN8touchgfx4RectE
                0x08001d88        0x4 TouchGFX/build/STM32F429IDISCO/TouchGFX/target/generated/TouchGFXGeneratedHAL.o
                0x08001d88                TouchGFXGeneratedHAL::flushFrameBuffer(touchgfx::Rect const&)
 .text._ZN20TouchGFXGeneratedHAL9blockCopyEPvPKvm
                0x08001d8c        0x4 TouchGFX/build/STM32F429IDISCO/TouchGFX/target/generated/TouchGFXGeneratedHAL.o
                0x08001d8c                TouchGFXGeneratedHAL::blockCopy(void*, void const*, unsigned long)
 .text._ZN8touchgfx3HAL15backPorchExitedEv
                0x08001d90       0x16 TouchGFX/build/STM32F429IDISCO/TouchGFX/target/generated/TouchGFXGeneratedHAL.o
                0x08001d90                touchgfx::HAL::backPorchExited()
 .text._ZN8touchgfx3HAL11getBlitCapsEv
                0x08001da6       0x12 TouchGFX/build/STM32F429IDISCO/TouchGFX/target/generated/TouchGFXGeneratedHAL.o
                0x08001da6                touchgfx::HAL::getBlitCaps()
 .text._ZN8touchgfx3HAL31performDisplayOrientationChangeEv
                0x08001db8       0x48 TouchGFX/build/STM32F429IDISCO/TouchGFX/target/generated/TouchGFXGeneratedHAL.o
                0x08001db8                touchgfx::HAL::performDisplayOrientationChange()
 .text._ZN20TouchGFXGeneratedHAL16enableInterruptsEv
                0x08001e00       0x14 TouchGFX/build/STM32F429IDISCO/TouchGFX/target/generated/TouchGFXGeneratedHAL.o
                0x08001e00                TouchGFXGeneratedHAL::enableInterrupts()
 .text._ZN20TouchGFXGeneratedHAL17disableInterruptsEv
                0x08001e14       0x28 TouchGFX/build/STM32F429IDISCO/TouchGFX/target/generated/TouchGFXGeneratedHAL.o
                0x08001e14                TouchGFXGeneratedHAL::disableInterrupts()
 .text.HAL_LTDC_LineEventCallback
                0x08001e3c       0x64 TouchGFX/build/STM32F429IDISCO/TouchGFX/target/generated/TouchGFXGeneratedHAL.o
                0x08001e3c                HAL_LTDC_LineEventCallback
 .text._ZN8touchgfx13DMA_Interface5flushEv
                0x08001ea0        0x6 TouchGFX/build/STM32F429IDISCO/TouchGFX/target/generated/STM32DMA.o
                0x08001ea0                touchgfx::DMA_Interface::flush()
 .text._ZN8STM32DMA10getDMATypeEv
                0x08001ea6        0x4 TouchGFX/build/STM32F429IDISCO/TouchGFX/target/generated/STM32DMA.o
                0x08001ea6                STM32DMA::getDMAType()
 .text._ZN8STM32DMA18signalDMAInterruptEv
                0x08001eaa        0x6 TouchGFX/build/STM32F429IDISCO/TouchGFX/target/generated/STM32DMA.o
                0x08001eaa                STM32DMA::signalDMAInterrupt()
 .text._ZN8STM32DMA10initializeEv
                0x08001eb0       0x4c TouchGFX/build/STM32F429IDISCO/TouchGFX/target/generated/STM32DMA.o
                0x08001eb0                STM32DMA::initialize()
 .text._ZN8STM32DMA11getBlitCapsEv
                0x08001efc        0x6 TouchGFX/build/STM32F429IDISCO/TouchGFX/target/generated/STM32DMA.o
                0x08001efc                STM32DMA::getBlitCaps()
 *fill*         0x08001f02        0x2 
 .text.DMA2D_XferCpltCallback
                0x08001f04       0x10 TouchGFX/build/STM32F429IDISCO/TouchGFX/target/generated/STM32DMA.o
 .text._ZN8STM32DMA22getChromARTInputFormatEN8touchgfx6Bitmap12BitmapFormatE.isra.1
                0x08001f14       0x40 TouchGFX/build/STM32F429IDISCO/TouchGFX/target/generated/STM32DMA.o
 .text._ZN8STM32DMA23getChromARTOutputFormatEN8touchgfx6Bitmap12BitmapFormatE.isra.3
                0x08001f54       0x3c TouchGFX/build/STM32F429IDISCO/TouchGFX/target/generated/STM32DMA.o
 .text._ZN8STM32DMA13setupDataCopyERKN8touchgfx6BlitOpE
                0x08001f90      0x168 TouchGFX/build/STM32F429IDISCO/TouchGFX/target/generated/STM32DMA.o
                0x08001f90                STM32DMA::setupDataCopy(touchgfx::BlitOp const&)
 .text._ZN8STM32DMA13setupDataFillERKN8touchgfx6BlitOpE
                0x080020f8       0x8c TouchGFX/build/STM32F429IDISCO/TouchGFX/target/generated/STM32DMA.o
                0x080020f8                STM32DMA::setupDataFill(touchgfx::BlitOp const&)
 .text._ZN8STM32DMAD2Ev
                0x08002184       0x20 TouchGFX/build/STM32F429IDISCO/TouchGFX/target/generated/STM32DMA.o
                0x08002184                STM32DMA::~STM32DMA()
                0x08002184                STM32DMA::~STM32DMA()
 .text._ZN8STM32DMAD0Ev
                0x080021a4       0x16 TouchGFX/build/STM32F429IDISCO/TouchGFX/target/generated/STM32DMA.o
                0x080021a4                STM32DMA::~STM32DMA()
 *fill*         0x080021ba        0x2 
 .text._ZN8STM32DMAC2Ev
                0x080021bc       0x34 TouchGFX/build/STM32F429IDISCO/TouchGFX/target/generated/STM32DMA.o
                0x080021bc                STM32DMA::STM32DMA()
                0x080021bc                STM32DMA::STM32DMA()
 .text._ZN8touchgfx10OSWrappers10initializeEv
                0x080021f0       0x50 TouchGFX/build/STM32F429IDISCO/TouchGFX/target/generated/OSWrappers.o
                0x080021f0                touchgfx::OSWrappers::initialize()
 .text._ZN8touchgfx10OSWrappers24takeFrameBufferSemaphoreEv
                0x08002240       0x10 TouchGFX/build/STM32F429IDISCO/TouchGFX/target/generated/OSWrappers.o
                0x08002240                touchgfx::OSWrappers::takeFrameBufferSemaphore()
 .text._ZN8touchgfx10OSWrappers24giveFrameBufferSemaphoreEv
                0x08002250        0xc TouchGFX/build/STM32F429IDISCO/TouchGFX/target/generated/OSWrappers.o
                0x08002250                touchgfx::OSWrappers::giveFrameBufferSemaphore()
 .text._ZN8touchgfx10OSWrappers27tryTakeFrameBufferSemaphoreEv
                0x0800225c       0x10 TouchGFX/build/STM32F429IDISCO/TouchGFX/target/generated/OSWrappers.o
                0x0800225c                touchgfx::OSWrappers::tryTakeFrameBufferSemaphore()
 .text._ZN8touchgfx10OSWrappers31giveFrameBufferSemaphoreFromISREv
                0x0800226c        0x4 TouchGFX/build/STM32F429IDISCO/TouchGFX/target/generated/OSWrappers.o
                0x0800226c                touchgfx::OSWrappers::giveFrameBufferSemaphoreFromISR()
 .text._ZN8touchgfx10OSWrappers11signalVSyncEv
                0x08002270       0x18 TouchGFX/build/STM32F429IDISCO/TouchGFX/target/generated/OSWrappers.o
                0x08002270                touchgfx::OSWrappers::signalVSync()
 .text._ZN8touchgfx10OSWrappers12waitForVSyncEv
                0x08002288       0x28 TouchGFX/build/STM32F429IDISCO/TouchGFX/target/generated/OSWrappers.o
                0x08002288                touchgfx::OSWrappers::waitForVSync()
 .text._ZN20STM32TouchControllerD2Ev
                0x080022b0        0x2 TouchGFX/build/STM32F429IDISCO/TouchGFX/target/generated/TouchGFXConfiguration.o
                0x080022b0                STM32TouchController::~STM32TouchController()
                0x080022b0                STM32TouchController::~STM32TouchController()
 .text._ZN8touchgfx8LCD16bppD2Ev
                0x080022b2        0x2 TouchGFX/build/STM32F429IDISCO/TouchGFX/target/generated/TouchGFXConfiguration.o
                0x080022b2                touchgfx::LCD16bpp::~LCD16bpp()
                0x080022b2                touchgfx::LCD16bpp::~LCD16bpp()
 .text._ZN11TouchGFXHALD2Ev
                0x080022b4        0x2 TouchGFX/build/STM32F429IDISCO/TouchGFX/target/generated/TouchGFXConfiguration.o
                0x080022b4                TouchGFXHAL::~TouchGFXHAL()
                0x080022b4                TouchGFXHAL::~TouchGFXHAL()
 .text._ZNK8touchgfx9PartitionINS_4meta8TypeListINS_15CoverTransitionILNS_9DirectionE2EEENS2_INS1_3NilES6_EEEELt1EE8capacityEv
                0x080022b6        0x4 TouchGFX/build/STM32F429IDISCO/TouchGFX/target/generated/TouchGFXConfiguration.o
                0x080022b6                touchgfx::Partition<touchgfx::meta::TypeList<touchgfx::CoverTransition<(touchgfx::Direction)2>, touchgfx::meta::TypeList<touchgfx::meta::Nil, touchgfx::meta::Nil> >, (unsigned short)1>::capacity() const
 .text._ZN8touchgfx9PartitionINS_4meta8TypeListINS_15CoverTransitionILNS_9DirectionE2EEENS2_INS1_3NilES6_EEEELt1EE12element_sizeEv
                0x080022ba        0x4 TouchGFX/build/STM32F429IDISCO/TouchGFX/target/generated/TouchGFXConfiguration.o
                0x080022ba                touchgfx::Partition<touchgfx::meta::TypeList<touchgfx::CoverTransition<(touchgfx::Direction)2>, touchgfx::meta::TypeList<touchgfx::meta::Nil, touchgfx::meta::Nil> >, (unsigned short)1>::element_size()
 .text._ZN8touchgfx9PartitionINS_4meta8TypeListINS_15CoverTransitionILNS_9DirectionE2EEENS2_INS1_3NilES6_EEEELt1EE7elementEt
                0x080022be        0xa TouchGFX/build/STM32F429IDISCO/TouchGFX/target/generated/TouchGFXConfiguration.o
                0x080022be                touchgfx::Partition<touchgfx::meta::TypeList<touchgfx::CoverTransition<(touchgfx::Direction)2>, touchgfx::meta::TypeList<touchgfx::meta::Nil, touchgfx::meta::Nil> >, (unsigned short)1>::element(unsigned short)
 .text._ZNK8touchgfx9PartitionINS_4meta8TypeListINS_15CoverTransitionILNS_9DirectionE2EEENS2_INS1_3NilES6_EEEELt1EE7elementEt
                0x080022c8        0xa TouchGFX/build/STM32F429IDISCO/TouchGFX/target/generated/TouchGFXConfiguration.o
                0x080022c8                touchgfx::Partition<touchgfx::meta::TypeList<touchgfx::CoverTransition<(touchgfx::Direction)2>, touchgfx::meta::TypeList<touchgfx::meta::Nil, touchgfx::meta::Nil> >, (unsigned short)1>::element(unsigned short) const
 .text._ZNK8touchgfx9PartitionINS_4meta8TypeListI11Screen2ViewNS2_INS1_3NilES4_EEEELt1EE8capacityEv
                0x080022d2        0x4 TouchGFX/build/STM32F429IDISCO/TouchGFX/target/generated/TouchGFXConfiguration.o
                0x080022d2                touchgfx::Partition<touchgfx::meta::TypeList<Screen2View, touchgfx::meta::TypeList<touchgfx::meta::Nil, touchgfx::meta::Nil> >, (unsigned short)1>::capacity() const
 .text._ZN8touchgfx9PartitionINS_4meta8TypeListI11Screen2ViewNS2_INS1_3NilES4_EEEELt1EE12element_sizeEv
                0x080022d6        0x6 TouchGFX/build/STM32F429IDISCO/TouchGFX/target/generated/TouchGFXConfiguration.o
                0x080022d6                touchgfx::Partition<touchgfx::meta::TypeList<Screen2View, touchgfx::meta::TypeList<touchgfx::meta::Nil, touchgfx::meta::Nil> >, (unsigned short)1>::element_size()
 .text._ZN8touchgfx9PartitionINS_4meta8TypeListI11Screen2ViewNS2_INS1_3NilES4_EEEELt1EE7elementEt
                0x080022dc        0xc TouchGFX/build/STM32F429IDISCO/TouchGFX/target/generated/TouchGFXConfiguration.o
                0x080022dc                touchgfx::Partition<touchgfx::meta::TypeList<Screen2View, touchgfx::meta::TypeList<touchgfx::meta::Nil, touchgfx::meta::Nil> >, (unsigned short)1>::element(unsigned short)
 .text._ZNK8touchgfx9PartitionINS_4meta8TypeListI11Screen2ViewNS2_INS1_3NilES4_EEEELt1EE7elementEt
                0x080022e8        0xc TouchGFX/build/STM32F429IDISCO/TouchGFX/target/generated/TouchGFXConfiguration.o
                0x080022e8                touchgfx::Partition<touchgfx::meta::TypeList<Screen2View, touchgfx::meta::TypeList<touchgfx::meta::Nil, touchgfx::meta::Nil> >, (unsigned short)1>::element(unsigned short) const
 .text._ZNK8touchgfx9PartitionINS_4meta8TypeListI16Screen2PresenterNS2_INS1_3NilES4_EEEELt1EE8capacityEv
                0x080022f4        0x4 TouchGFX/build/STM32F429IDISCO/TouchGFX/target/generated/TouchGFXConfiguration.o
                0x080022f4                touchgfx::Partition<touchgfx::meta::TypeList<Screen2Presenter, touchgfx::meta::TypeList<touchgfx::meta::Nil, touchgfx::meta::Nil> >, (unsigned short)1>::capacity() const
 .text._ZN8touchgfx9PartitionINS_4meta8TypeListI16Screen2PresenterNS2_INS1_3NilES4_EEEELt1EE12element_sizeEv
                0x080022f8        0x4 TouchGFX/build/STM32F429IDISCO/TouchGFX/target/generated/TouchGFXConfiguration.o
                0x080022f8                touchgfx::Partition<touchgfx::meta::TypeList<Screen2Presenter, touchgfx::meta::TypeList<touchgfx::meta::Nil, touchgfx::meta::Nil> >, (unsigned short)1>::element_size()
 .text._ZN8touchgfx9PartitionINS_4meta8TypeListI16Screen2PresenterNS2_INS1_3NilES4_EEEELt1EE7elementEt
                0x080022fc        0x8 TouchGFX/build/STM32F429IDISCO/TouchGFX/target/generated/TouchGFXConfiguration.o
                0x080022fc                touchgfx::Partition<touchgfx::meta::TypeList<Screen2Presenter, touchgfx::meta::TypeList<touchgfx::meta::Nil, touchgfx::meta::Nil> >, (unsigned short)1>::element(unsigned short)
 .text._ZNK8touchgfx9PartitionINS_4meta8TypeListI16Screen2PresenterNS2_INS1_3NilES4_EEEELt1EE7elementEt
                0x08002304        0x8 TouchGFX/build/STM32F429IDISCO/TouchGFX/target/generated/TouchGFXConfiguration.o
                0x08002304                touchgfx::Partition<touchgfx::meta::TypeList<Screen2Presenter, touchgfx::meta::TypeList<touchgfx::meta::Nil, touchgfx::meta::Nil> >, (unsigned short)1>::element(unsigned short) const
 .text._ZN16FrontendHeapBase15gotoStartScreenER19FrontendApplication
                0x0800230c        0x6 TouchGFX/build/STM32F429IDISCO/TouchGFX/target/generated/TouchGFXConfiguration.o
                0x0800230c                FrontendHeapBase::gotoStartScreen(FrontendApplication&)
 *fill*         0x08002312        0x2 
 .text._ZN8touchgfx9PartitionINS_4meta8TypeListINS_15CoverTransitionILNS_9DirectionE2EEENS2_INS1_3NilES6_EEEELt1EED2Ev
                0x08002314       0x14 TouchGFX/build/STM32F429IDISCO/TouchGFX/target/generated/TouchGFXConfiguration.o
                0x08002314                touchgfx::Partition<touchgfx::meta::TypeList<touchgfx::CoverTransition<(touchgfx::Direction)2>, touchgfx::meta::TypeList<touchgfx::meta::Nil, touchgfx::meta::Nil> >, (unsigned short)1>::~Partition()
                0x08002314                touchgfx::Partition<touchgfx::meta::TypeList<touchgfx::CoverTransition<(touchgfx::Direction)2>, touchgfx::meta::TypeList<touchgfx::meta::Nil, touchgfx::meta::Nil> >, (unsigned short)1>::~Partition()
 .text._ZN8touchgfx9PartitionINS_4meta8TypeListINS_15CoverTransitionILNS_9DirectionE2EEENS2_INS1_3NilES6_EEEELt1EED0Ev
                0x08002328       0x14 TouchGFX/build/STM32F429IDISCO/TouchGFX/target/generated/TouchGFXConfiguration.o
                0x08002328                touchgfx::Partition<touchgfx::meta::TypeList<touchgfx::CoverTransition<(touchgfx::Direction)2>, touchgfx::meta::TypeList<touchgfx::meta::Nil, touchgfx::meta::Nil> >, (unsigned short)1>::~Partition()
 .text._ZN8touchgfx9PartitionINS_4meta8TypeListI11Screen2ViewNS2_INS1_3NilES4_EEEELt1EED2Ev
                0x0800233c       0x14 TouchGFX/build/STM32F429IDISCO/TouchGFX/target/generated/TouchGFXConfiguration.o
                0x0800233c                touchgfx::Partition<touchgfx::meta::TypeList<Screen2View, touchgfx::meta::TypeList<touchgfx::meta::Nil, touchgfx::meta::Nil> >, (unsigned short)1>::~Partition()
                0x0800233c                touchgfx::Partition<touchgfx::meta::TypeList<Screen2View, touchgfx::meta::TypeList<touchgfx::meta::Nil, touchgfx::meta::Nil> >, (unsigned short)1>::~Partition()
 .text._ZN8touchgfx9PartitionINS_4meta8TypeListI11Screen2ViewNS2_INS1_3NilES4_EEEELt1EED0Ev
                0x08002350       0x16 TouchGFX/build/STM32F429IDISCO/TouchGFX/target/generated/TouchGFXConfiguration.o
                0x08002350                touchgfx::Partition<touchgfx::meta::TypeList<Screen2View, touchgfx::meta::TypeList<touchgfx::meta::Nil, touchgfx::meta::Nil> >, (unsigned short)1>::~Partition()
 *fill*         0x08002366        0x2 
 .text._ZN8touchgfx9PartitionINS_4meta8TypeListI16Screen2PresenterNS2_INS1_3NilES4_EEEELt1EED2Ev
                0x08002368       0x14 TouchGFX/build/STM32F429IDISCO/TouchGFX/target/generated/TouchGFXConfiguration.o
                0x08002368                touchgfx::Partition<touchgfx::meta::TypeList<Screen2Presenter, touchgfx::meta::TypeList<touchgfx::meta::Nil, touchgfx::meta::Nil> >, (unsigned short)1>::~Partition()
                0x08002368                touchgfx::Partition<touchgfx::meta::TypeList<Screen2Presenter, touchgfx::meta::TypeList<touchgfx::meta::Nil, touchgfx::meta::Nil> >, (unsigned short)1>::~Partition()
 .text._ZN8touchgfx9PartitionINS_4meta8TypeListI16Screen2PresenterNS2_INS1_3NilES4_EEEELt1EED0Ev
                0x0800237c       0x14 TouchGFX/build/STM32F429IDISCO/TouchGFX/target/generated/TouchGFXConfiguration.o
                0x0800237c                touchgfx::Partition<touchgfx::meta::TypeList<Screen2Presenter, touchgfx::meta::TypeList<touchgfx::meta::Nil, touchgfx::meta::Nil> >, (unsigned short)1>::~Partition()
 .text._ZN12FrontendHeapD2Ev
                0x08002390       0x28 TouchGFX/build/STM32F429IDISCO/TouchGFX/target/generated/TouchGFXConfiguration.o
                0x08002390                FrontendHeap::~FrontendHeap()
                0x08002390                FrontendHeap::~FrontendHeap()
 .text._ZN12FrontendHeapD0Ev
                0x080023b8       0x16 TouchGFX/build/STM32F429IDISCO/TouchGFX/target/generated/TouchGFXConfiguration.o
                0x080023b8                FrontendHeap::~FrontendHeap()
 *fill*         0x080023ce        0x2 
 .text.touchgfx_init
                0x080023d0       0xec TouchGFX/build/STM32F429IDISCO/TouchGFX/target/generated/TouchGFXConfiguration.o
                0x080023d0                touchgfx_init
 .text.touchgfx_taskEntry
                0x080024bc        0xc TouchGFX/build/STM32F429IDISCO/TouchGFX/target/generated/TouchGFXConfiguration.o
                0x080024bc                touchgfx_taskEntry
 .text._ZN20STM32TouchControllerD0Ev
                0x080024c8        0xe TouchGFX/build/STM32F429IDISCO/TouchGFX/target/generated/TouchGFXConfiguration.o
                0x080024c8                STM32TouchController::~STM32TouchController()
 .text._ZN8touchgfx8LCD16bppD0Ev
                0x080024d6        0xe TouchGFX/build/STM32F429IDISCO/TouchGFX/target/generated/TouchGFXConfiguration.o
                0x080024d6                touchgfx::LCD16bpp::~LCD16bpp()
 .text._ZN11TouchGFXHALD0Ev
                0x080024e4        0xe TouchGFX/build/STM32F429IDISCO/TouchGFX/target/generated/TouchGFXConfiguration.o
                0x080024e4                TouchGFXHAL::~TouchGFXHAL()
 *fill*         0x080024f2        0x2 
 .text.startup._GLOBAL__sub_I_touchgfx_init
                0x080024f4      0x138 TouchGFX/build/STM32F429IDISCO/TouchGFX/target/generated/TouchGFXConfiguration.o
 .text._ZN11TouchGFXHAL10initializeEv
                0x0800262c       0x24 TouchGFX/build/STM32F429IDISCO/TouchGFX/target/TouchGFXHAL.o
                0x0800262c                TouchGFXHAL::initialize()
 .text._ZN11TouchGFXHAL9taskEntryEv
                0x08002650       0x34 TouchGFX/build/STM32F429IDISCO/TouchGFX/target/TouchGFXHAL.o
                0x08002650                TouchGFXHAL::taskEntry()
 .text._ZNK11TouchGFXHAL17getTFTFrameBufferEv
                0x08002684        0x4 TouchGFX/build/STM32F429IDISCO/TouchGFX/target/TouchGFXHAL.o
                0x08002684                TouchGFXHAL::getTFTFrameBuffer() const
 .text._ZN11TouchGFXHAL17setTFTFrameBufferEPt
                0x08002688        0x4 TouchGFX/build/STM32F429IDISCO/TouchGFX/target/TouchGFXHAL.o
                0x08002688                TouchGFXHAL::setTFTFrameBuffer(unsigned short*)
 .text._ZN11TouchGFXHAL16flushFrameBufferERKN8touchgfx4RectE
                0x0800268c        0x4 TouchGFX/build/STM32F429IDISCO/TouchGFX/target/TouchGFXHAL.o
                0x0800268c                TouchGFXHAL::flushFrameBuffer(touchgfx::Rect const&)
 .text._ZN11TouchGFXHAL19configureInterruptsEv
                0x08002690        0x4 TouchGFX/build/STM32F429IDISCO/TouchGFX/target/TouchGFXHAL.o
                0x08002690                TouchGFXHAL::configureInterrupts()
 .text._ZN11TouchGFXHAL16enableInterruptsEv
                0x08002694        0x4 TouchGFX/build/STM32F429IDISCO/TouchGFX/target/TouchGFXHAL.o
                0x08002694                TouchGFXHAL::enableInterrupts()
 .text._ZN11TouchGFXHAL17disableInterruptsEv
                0x08002698        0x4 TouchGFX/build/STM32F429IDISCO/TouchGFX/target/TouchGFXHAL.o
                0x08002698                TouchGFXHAL::disableInterrupts()
 .text._ZN11TouchGFXHAL28enableLCDControllerInterruptEv
                0x0800269c        0x4 TouchGFX/build/STM32F429IDISCO/TouchGFX/target/TouchGFXHAL.o
                0x0800269c                TouchGFXHAL::enableLCDControllerInterrupt()
 .text._ZN11TouchGFXHAL16flushFrameBufferEv
                0x080026a0        0x4 TouchGFX/build/STM32F429IDISCO/TouchGFX/target/TouchGFXHAL.o
                0x080026a0                TouchGFXHAL::flushFrameBuffer()
 .text._Z11BSP_TS_Inittt
                0x080026a4       0x44 TouchGFX/build/STM32F429IDISCO/TouchGFX/target/STM32TouchController_d.o
                0x080026a4                BSP_TS_Init(unsigned short, unsigned short)
 .text._ZN20STM32TouchController4initEv
                0x080026e8        0xa TouchGFX/build/STM32F429IDISCO/TouchGFX/target/STM32TouchController_d.o
                0x080026e8                STM32TouchController::init()
 *fill*         0x080026f2        0x2 
 .text._Z15BSP_TS_GetStateP15TS_StateTypeDef
                0x080026f4       0xcc TouchGFX/build/STM32F429IDISCO/TouchGFX/target/STM32TouchController_d.o
                0x080026f4                BSP_TS_GetState(TS_StateTypeDef*)
 .text._ZN20STM32TouchController11sampleTouchERlS0_
                0x080027c0       0x24 TouchGFX/build/STM32F429IDISCO/TouchGFX/target/STM32TouchController_d.o
                0x080027c0                STM32TouchController::sampleTouch(long&, long&)
 .text._ZN8touchgfx4GPIO3setENS0_7GPIO_IDE
                0x080027e4       0x54 TouchGFX/build/STM32F429IDISCO/TouchGFX/target/TouchGFXGPIO.o
                0x080027e4                touchgfx::GPIO::set(touchgfx::GPIO::GPIO_ID)
 .text._ZN8touchgfx4GPIO5clearENS0_7GPIO_IDE
                0x08002838       0x54 TouchGFX/build/STM32F429IDISCO/TouchGFX/target/TouchGFXGPIO.o
                0x08002838                touchgfx::GPIO::clear(touchgfx::GPIO::GPIO_ID)
 .text._ZN8touchgfx4GPIO6toggleENS0_7GPIO_IDE
                0x0800288c       0x28 TouchGFX/build/STM32F429IDISCO/TouchGFX/target/TouchGFXGPIO.o
                0x0800288c                touchgfx::GPIO::toggle(touchgfx::GPIO::GPIO_ID)
 .text.SystemInit
                0x080028b4       0x1c TouchGFX/build/STM32F429IDISCO/Core/Src/system_stm32f4xx.o
                0x080028b4                SystemInit
 .text.HAL_InitTick
                0x080028d0       0x7c TouchGFX/build/STM32F429IDISCO/Core/Src/stm32f4xx_hal_timebase_tim.o
                0x080028d0                HAL_InitTick
 .text.SPI5_Write
                0x0800294c       0x24 TouchGFX/build/STM32F429IDISCO/Core/Src/main.o
 .text.StartDefaultTask
                0x08002970       0x40 TouchGFX/build/STM32F429IDISCO/Core/Src/main.o
                0x08002970                StartDefaultTask
 .text.SystemClock_Config
                0x080029b0       0x98 TouchGFX/build/STM32F429IDISCO/Core/Src/main.o
                0x080029b0                SystemClock_Config
 .text.startup.main
                0x08002a48      0x3c8 TouchGFX/build/STM32F429IDISCO/Core/Src/main.o
                0x08002a48                main
 .text.IOE_Init
                0x08002e10        0x2 TouchGFX/build/STM32F429IDISCO/Core/Src/main.o
                0x08002e10                IOE_Init
 .text.IOE_ITConfig
                0x08002e12        0x2 TouchGFX/build/STM32F429IDISCO/Core/Src/main.o
                0x08002e12                IOE_ITConfig
 .text.IOE_Write
                0x08002e14       0x2c TouchGFX/build/STM32F429IDISCO/Core/Src/main.o
                0x08002e14                IOE_Write
 .text.IOE_Read
                0x08002e40       0x34 TouchGFX/build/STM32F429IDISCO/Core/Src/main.o
                0x08002e40                IOE_Read
 .text.IOE_ReadMultiple
                0x08002e74       0x2c TouchGFX/build/STM32F429IDISCO/Core/Src/main.o
                0x08002e74                IOE_ReadMultiple
 .text.IOE_Delay
                0x08002ea0        0x4 TouchGFX/build/STM32F429IDISCO/Core/Src/main.o
                0x08002ea0                IOE_Delay
 .text.LCD_IO_Init
                0x08002ea4       0x20 TouchGFX/build/STM32F429IDISCO/Core/Src/main.o
                0x08002ea4                LCD_IO_Init
 .text.LCD_IO_WriteData
                0x08002ec4       0x38 TouchGFX/build/STM32F429IDISCO/Core/Src/main.o
                0x08002ec4                LCD_IO_WriteData
 .text.LCD_IO_WriteReg
                0x08002efc       0x38 TouchGFX/build/STM32F429IDISCO/Core/Src/main.o
                0x08002efc                LCD_IO_WriteReg
 .text.LCD_IO_ReadData
                0x08002f34       0x64 TouchGFX/build/STM32F429IDISCO/Core/Src/main.o
                0x08002f34                LCD_IO_ReadData
 .text.LCD_Delay
                0x08002f98        0x4 TouchGFX/build/STM32F429IDISCO/Core/Src/main.o
                0x08002f98                LCD_Delay
 .text.HAL_TIM_PeriodElapsedCallback
                0x08002f9c       0x14 TouchGFX/build/STM32F429IDISCO/Core/Src/main.o
                0x08002f9c                HAL_TIM_PeriodElapsedCallback
 .text.Error_Handler
                0x08002fb0        0x2 TouchGFX/build/STM32F429IDISCO/Core/Src/main.o
                0x08002fb0                Error_Handler
 .text.NMI_Handler
                0x08002fb2        0x2 TouchGFX/build/STM32F429IDISCO/Core/Src/stm32f4xx_it.o
                0x08002fb2                NMI_Handler
 .text.HardFault_Handler
                0x08002fb4        0x2 TouchGFX/build/STM32F429IDISCO/Core/Src/stm32f4xx_it.o
                0x08002fb4                HardFault_Handler
 .text.MemManage_Handler
                0x08002fb6        0x2 TouchGFX/build/STM32F429IDISCO/Core/Src/stm32f4xx_it.o
                0x08002fb6                MemManage_Handler
 .text.BusFault_Handler
                0x08002fb8        0x2 TouchGFX/build/STM32F429IDISCO/Core/Src/stm32f4xx_it.o
                0x08002fb8                BusFault_Handler
 .text.UsageFault_Handler
                0x08002fba        0x2 TouchGFX/build/STM32F429IDISCO/Core/Src/stm32f4xx_it.o
                0x08002fba                UsageFault_Handler
 .text.DebugMon_Handler
                0x08002fbc        0x2 TouchGFX/build/STM32F429IDISCO/Core/Src/stm32f4xx_it.o