../../Middlewares/ST/touchgfx/framework/include/touchgfx/Application.hpp:71:18:virtual void touchgfx::Application::changeToStartScreen()	0	static
../../Middlewares/ST/touchgfx/framework/include/touchgfx/Application.hpp:90:18:virtual void touchgfx::Application::appSwitchScreen(uint8_t)	0	static
../../Middlewares/ST/touchgfx/framework/include/touchgfx/Application.hpp:103:18:virtual void touchgfx::Application::requestRedraw(touchgfx::Rect&)	0	static
../../Middlewares/ST/touchgfx/framework/include/touchgfx/Drawable.hpp:147:23:virtual touchgfx::Drawable* touchgfx::Drawable::getFirstChild()	0	static
../../Middlewares/ST/touchgfx/framework/include/touchgfx/Drawable.hpp:315:18:virtual void touchgfx::Drawable::setX(int16_t)	0	static
../../Middlewares/ST/touchgfx/framework/include/touchgfx/Drawable.hpp:327:18:virtual void touchgfx::Drawable::setY(int16_t)	0	static
../../Middlewares/ST/touchgfx/framework/include/touchgfx/Drawable.hpp:356:18:virtual void touchgfx::Drawable::setWidth(int16_t)	0	static
../../Middlewares/ST/touchgfx/framework/include/touchgfx/Drawable.hpp:368:18:virtual void touchgfx::Drawable::setHeight(int16_t)	0	static
../../Middlewares/ST/touchgfx/framework/include/touchgfx/Drawable.hpp:378:18:virtual void touchgfx::Drawable::childGeometryChanged()	0	static
../../Middlewares/ST/touchgfx/framework/include/touchgfx/Drawable.hpp:389:18:virtual void touchgfx::Drawable::handleClickEvent(const touchgfx::ClickEvent&)	0	static
../../Middlewares/ST/touchgfx/framework/include/touchgfx/Drawable.hpp:401:18:virtual void touchgfx::Drawable::handleGestureEvent(const touchgfx::GestureEvent&)	0	static
../../Middlewares/ST/touchgfx/framework/include/touchgfx/Drawable.hpp:490:18:virtual void touchgfx::Drawable::handleDragEvent(const touchgfx::DragEvent&)	0	static
../../Middlewares/ST/touchgfx/framework/include/touchgfx/Drawable.hpp:501:18:virtual void touchgfx::Drawable::handleTickEvent()	0	static
../../Middlewares/ST/touchgfx/framework/include/touchgfx/Drawable.hpp:588:18:virtual void touchgfx::Drawable::moveTo(int16_t, int16_t)	4	static
../../Middlewares/ST/touchgfx/framework/include/touchgfx/Drawable.hpp:703:18:virtual void touchgfx::Drawable::setupDrawChain(const touchgfx::Rect&, touchgfx::Drawable**)	0	static
../../Middlewares/ST/touchgfx/framework/include/touchgfx/transitions/Transition.hpp:71:18:virtual void touchgfx::Transition::tearDown()	0	static
../../Middlewares/ST/touchgfx/framework/include/touchgfx/transitions/Transition.hpp:79:18:virtual void touchgfx::Transition::init()	0	static
../../Middlewares/ST/touchgfx/framework/include/touchgfx/transitions/Transition.hpp:99:18:virtual void touchgfx::Transition::setScreenContainer(touchgfx::Container&)	0	static
../../Middlewares/ST/touchgfx/framework/include/mvp/MVPApplication.hpp:43:7:touchgfx::MVPApplication::~MVPApplication()	0	static
../../TouchGFX/generated/gui_generated/include/gui_generated/common/FrontendApplicationBase.hpp:16:13:FrontendApplicationBase::~FrontendApplicationBase()	0	static
../../TouchGFX/generated/gui_generated/include/gui_generated/common/FrontendApplicationBase.hpp:18:18:virtual void FrontendApplicationBase::changeToStartScreen()	0	static
../../Middlewares/ST/touchgfx/framework/include/touchgfx/transitions/NoTransition.hpp:35:18:virtual void touchgfx::NoTransition::handleTickEvent()	0	static
../../Middlewares/ST/touchgfx/framework/include/touchgfx/widgets/Widget.hpp:45:18:virtual void touchgfx::Widget::getLastChild(int16_t, int16_t, touchgfx::Drawable**)	0	static
../../Middlewares/ST/touchgfx/framework/include/touchgfx/transitions/WipeTransition.hpp:44:11:touchgfx::WipeTransition<touchgfx::EAST>::FullSolidRect::~FullSolidRect()	0	static
../../Middlewares/ST/touchgfx/framework/include/touchgfx/Callback.hpp:357:8:touchgfx::Callback<touchgfx::SlideTransition<touchgfx::EAST>, touchgfx::Drawable&, void, void>::~Callback()	0	static
../../Middlewares/ST/touchgfx/framework/include/touchgfx/Callback.hpp:357:8:touchgfx::Callback<touchgfx::CoverTransition<touchgfx::EAST>, touchgfx::Drawable&, void, void>::~Callback()	0	static
../../Middlewares/ST/touchgfx/framework/include/touchgfx/transitions/CoverTransition.hpp:226:11:touchgfx::CoverTransition<touchgfx::EAST>::FullSolidRect::~FullSolidRect()	0	static
../../Middlewares/ST/touchgfx/framework/include/touchgfx/transitions/SlideTransition.hpp:192:18:void touchgfx::SlideTransition<templateDirection>::tickMoveDrawable(touchgfx::Drawable&) [with touchgfx::Direction templateDirection = touchgfx::EAST]	4	static
../../Middlewares/ST/touchgfx/framework/include/touchgfx/transitions/CoverTransition.hpp:210:18:void touchgfx::CoverTransition<templateDirection>::tickMoveDrawable(touchgfx::Drawable&) [with touchgfx::Direction templateDirection = touchgfx::EAST]	4	static
../../Middlewares/ST/touchgfx/framework/include/touchgfx/transitions/CoverTransition.hpp:37:7:touchgfx::CoverTransition<touchgfx::EAST>::~CoverTransition()	0	static
../../Middlewares/ST/touchgfx/framework/include/touchgfx/transitions/SlideTransition.hpp:39:7:touchgfx::SlideTransition<touchgfx::EAST>::~SlideTransition()	0	static
../../Middlewares/ST/touchgfx/framework/include/touchgfx/transitions/WipeTransition.hpp:38:7:touchgfx::WipeTransition<touchgfx::EAST>::~WipeTransition()	0	static
../../Middlewares/ST/touchgfx/framework/include/touchgfx/transitions/NoTransition.hpp:31:7:touchgfx::NoTransition::~NoTransition()	0	static
../../Middlewares/ST/touchgfx/framework/include/touchgfx/Callback.hpp:424:8:touchgfx::Callback<FrontendApplicationBase>::~Callback()	0	static
../../Middlewares/ST/touchgfx/framework/include/touchgfx/transitions/CoverTransition.hpp:166:18:void touchgfx::CoverTransition<templateDirection>::tearDown() [with touchgfx::Direction templateDirection = touchgfx::EAST]	0	static
../../Middlewares/ST/touchgfx/framework/include/touchgfx/transitions/CoverTransition.hpp:171:18:void touchgfx::CoverTransition<templateDirection>::init() [with touchgfx::Direction templateDirection = touchgfx::EAST]	24	static
../../Middlewares/ST/touchgfx/framework/include/touchgfx/transitions/CoverTransition.hpp:186:18:void touchgfx::CoverTransition<templateDirection>::initMoveDrawable(touchgfx::Drawable&) [with touchgfx::Direction templateDirection = touchgfx::EAST]	0	static
../../Middlewares/ST/touchgfx/framework/include/touchgfx/transitions/CoverTransition.hpp:234:22:void touchgfx::CoverTransition<templateDirection>::FullSolidRect::draw(const touchgfx::Rect&) const [with touchgfx::Direction templateDirection = touchgfx::EAST]	0	static
../../Middlewares/ST/touchgfx/framework/include/touchgfx/transitions/CoverTransition.hpp:229:22:touchgfx::Rect touchgfx::CoverTransition<templateDirection>::FullSolidRect::getSolidRect() const [with touchgfx::Direction templateDirection = touchgfx::EAST]	8	static
../../Middlewares/ST/touchgfx/framework/include/touchgfx/Callback.hpp:386:18:void touchgfx::Callback<dest_type, T1, void, void>::execute(T1) [with dest_type = touchgfx::CoverTransition<touchgfx::EAST>; T1 = touchgfx::Drawable&]	8	static
../../Middlewares/ST/touchgfx/framework/include/touchgfx/Callback.hpp:396:18:bool touchgfx::Callback<dest_type, T1, void, void>::isValid() const [with dest_type = touchgfx::CoverTransition<touchgfx::EAST>; T1 = touchgfx::Drawable&]	0	static
../../Middlewares/ST/touchgfx/framework/include/touchgfx/transitions/SlideTransition.hpp:165:18:void touchgfx::SlideTransition<templateDirection>::initMoveDrawable(touchgfx::Drawable&) [with touchgfx::Direction templateDirection = touchgfx::EAST]	0	static
../../Middlewares/ST/touchgfx/framework/include/touchgfx/Callback.hpp:386:18:void touchgfx::Callback<dest_type, T1, void, void>::execute(T1) [with dest_type = touchgfx::SlideTransition<touchgfx::EAST>; T1 = touchgfx::Drawable&]	8	static
../../Middlewares/ST/touchgfx/framework/include/touchgfx/Callback.hpp:396:18:bool touchgfx::Callback<dest_type, T1, void, void>::isValid() const [with dest_type = touchgfx::SlideTransition<touchgfx::EAST>; T1 = touchgfx::Drawable&]	0	static
../../Middlewares/ST/touchgfx/framework/include/touchgfx/transitions/WipeTransition.hpp:197:18:void touchgfx::WipeTransition<templateDirection>::tearDown() [with touchgfx::Direction templateDirection = touchgfx::EAST]	0	static
../../Middlewares/ST/touchgfx/framework/include/touchgfx/transitions/WipeTransition.hpp:202:18:void touchgfx::WipeTransition<templateDirection>::init() [with touchgfx::Direction templateDirection = touchgfx::EAST]	0	static
../../Middlewares/ST/touchgfx/framework/include/touchgfx/transitions/WipeTransition.hpp:213:18:void touchgfx::WipeTransition<templateDirection>::invalidate() [with touchgfx::Direction templateDirection = touchgfx::EAST]	0	static
../../Middlewares/ST/touchgfx/framework/include/touchgfx/transitions/WipeTransition.hpp:52:22:void touchgfx::WipeTransition<templateDirection>::FullSolidRect::draw(const touchgfx::Rect&) const [with touchgfx::Direction templateDirection = touchgfx::EAST]	0	static
../../Middlewares/ST/touchgfx/framework/include/touchgfx/transitions/WipeTransition.hpp:47:22:touchgfx::Rect touchgfx::WipeTransition<templateDirection>::FullSolidRect::getSolidRect() const [with touchgfx::Direction templateDirection = touchgfx::EAST]	8	static
../../Middlewares/ST/touchgfx/framework/include/touchgfx/Callback.hpp:449:18:void touchgfx::Callback<dest_type, void, void, void>::execute() [with dest_type = FrontendApplicationBase]	4	static
../../Middlewares/ST/touchgfx/framework/include/touchgfx/Callback.hpp:459:18:bool touchgfx::Callback<dest_type, void, void, void>::isValid() const [with dest_type = FrontendApplicationBase]	0	static
../../Middlewares/ST/touchgfx/framework/include/touchgfx/transitions/NoTransition.hpp:31:7:virtual touchgfx::NoTransition::~NoTransition()	8	static
../../Middlewares/ST/touchgfx/framework/include/touchgfx/Callback.hpp:424:8:virtual touchgfx::Callback<FrontendApplicationBase>::~Callback()	8	static
../../Middlewares/ST/touchgfx/framework/include/mvp/MVPApplication.hpp:43:7:virtual touchgfx::MVPApplication::~MVPApplication()	8	static
../../TouchGFX/generated/gui_generated/include/gui_generated/common/FrontendApplicationBase.hpp:16:13:virtual FrontendApplicationBase::~FrontendApplicationBase()	8	static
../../Middlewares/ST/touchgfx/framework/include/touchgfx/transitions/CoverTransition.hpp:226:11:virtual touchgfx::CoverTransition<touchgfx::EAST>::FullSolidRect::~FullSolidRect()	8	static
../../Middlewares/ST/touchgfx/framework/include/touchgfx/transitions/WipeTransition.hpp:38:7:virtual touchgfx::WipeTransition<touchgfx::EAST>::~WipeTransition()	8	static
../../Middlewares/ST/touchgfx/framework/include/touchgfx/transitions/WipeTransition.hpp:44:11:virtual touchgfx::WipeTransition<touchgfx::EAST>::FullSolidRect::~FullSolidRect()	8	static
../../Middlewares/ST/touchgfx/framework/include/touchgfx/transitions/CoverTransition.hpp:37:7:virtual touchgfx::CoverTransition<touchgfx::EAST>::~CoverTransition()	8	static
../../Middlewares/ST/touchgfx/framework/include/touchgfx/Callback.hpp:357:8:virtual touchgfx::Callback<touchgfx::CoverTransition<touchgfx::EAST>, touchgfx::Drawable&, void, void>::~Callback()	8	static
../../Middlewares/ST/touchgfx/framework/include/touchgfx/transitions/SlideTransition.hpp:39:7:virtual touchgfx::SlideTransition<touchgfx::EAST>::~SlideTransition()	8	static
../../Middlewares/ST/touchgfx/framework/include/touchgfx/Callback.hpp:357:8:virtual touchgfx::Callback<touchgfx::SlideTransition<touchgfx::EAST>, touchgfx::Drawable&, void, void>::~Callback()	8	static
../../Middlewares/ST/touchgfx/framework/include/touchgfx/transitions/Transition.hpp:88:18:virtual void touchgfx::Transition::invalidate()	8	static
../../Middlewares/ST/touchgfx/framework/include/touchgfx/Drawable.hpp:121:18:virtual void touchgfx::Drawable::invalidateContent() const	0	static
../../Middlewares/ST/touchgfx/framework/include/touchgfx/transitions/SlideTransition.hpp:138:18:void touchgfx::SlideTransition<templateDirection>::tearDown() [with touchgfx::Direction templateDirection = touchgfx::EAST]	0	static
../../Middlewares/ST/touchgfx/framework/include/touchgfx/transitions/SlideTransition.hpp:85:18:void touchgfx::SlideTransition<templateDirection>::handleTickEvent() [with touchgfx::Direction templateDirection = touchgfx::EAST]	8	static
../../Middlewares/ST/touchgfx/framework/include/mvp/MVPApplication.hpp:59:18:virtual void touchgfx::MVPApplication::handlePendingScreenTransition()	8	static
../../Middlewares/ST/touchgfx/framework/include/touchgfx/transitions/SlideTransition.hpp:146:18:void touchgfx::SlideTransition<templateDirection>::init() [with touchgfx::Direction templateDirection = touchgfx::EAST]	24	static
../../Middlewares/ST/touchgfx/framework/include/touchgfx/Drawable.hpp:233:10:void touchgfx::Drawable::setPosition(int16_t, int16_t, int16_t, int16_t)	24	static
D:/tailieuhoctap/Metmoi/MyApplication_D01/TouchGFX/generated/gui_generated/src/common/FrontendApplicationBase.cpp:98:6:void FrontendApplicationBase::gotoScreen4ScreenCoverTransitionEastImpl()	48	static
../../Middlewares/ST/touchgfx/framework/include/touchgfx/hal/HAL.hpp:268:17:static touchgfx::LCD& touchgfx::HAL::lcd()	0	static
../../Middlewares/ST/touchgfx/framework/include/touchgfx/transitions/CoverTransition.hpp:83:18:void touchgfx::CoverTransition<templateDirection>::handleTickEvent() [with touchgfx::Direction templateDirection = touchgfx::EAST]	56	static
../../Middlewares/ST/touchgfx/framework/include/touchgfx/transitions/WipeTransition.hpp:89:18:void touchgfx::WipeTransition<templateDirection>::handleTickEvent() [with touchgfx::Direction templateDirection = touchgfx::EAST]	56	static
D:/tailieuhoctap/Metmoi/MyApplication_D01/TouchGFX/generated/gui_generated/src/common/FrontendApplicationBase.cpp:27:1:FrontendApplicationBase::FrontendApplicationBase(Model&, FrontendHeap&)	24	static
D:/tailieuhoctap/Metmoi/MyApplication_D01/TouchGFX/generated/gui_generated/src/common/FrontendApplicationBase.cpp:44:6:void FrontendApplicationBase::gotoScreen1ScreenNoTransition()	0	static
D:/tailieuhoctap/Metmoi/MyApplication_D01/TouchGFX/generated/gui_generated/src/common/FrontendApplicationBase.cpp:55:6:void FrontendApplicationBase::gotoScreen1ScreenWipeTransitionEast()	0	static
D:/tailieuhoctap/Metmoi/MyApplication_D01/TouchGFX/generated/gui_generated/src/common/FrontendApplicationBase.cpp:66:6:void FrontendApplicationBase::gotoScreen1ScreenSlideTransitionEast()	0	static
D:/tailieuhoctap/Metmoi/MyApplication_D01/TouchGFX/generated/gui_generated/src/common/FrontendApplicationBase.cpp:79:6:void FrontendApplicationBase::gotoScreen3ScreenSlideTransitionEast()	0	static
D:/tailieuhoctap/Metmoi/MyApplication_D01/TouchGFX/generated/gui_generated/src/common/FrontendApplicationBase.cpp:92:6:void FrontendApplicationBase::gotoScreen4ScreenCoverTransitionEast()	0	static
D:/tailieuhoctap/Metmoi/MyApplication_D01/TouchGFX/generated/gui_generated/src/common/FrontendApplicationBase.cpp:103:6:void FrontendApplicationBase::gotoScreen4ScreenSlideTransitionEast()	0	static
D:/tailieuhoctap/Metmoi/MyApplication_D01/TouchGFX/generated/gui_generated/src/common/FrontendApplicationBase.cpp:116:6:void FrontendApplicationBase::gotoScreen5ScreenSlideTransitionEast()	0	static
D:/tailieuhoctap/Metmoi/MyApplication_D01/TouchGFX/generated/gui_generated/src/common/FrontendApplicationBase.cpp:129:6:void FrontendApplicationBase::gotoScreen6ScreenSlideTransitionEast()	0	static
../../Middlewares/ST/touchgfx/framework/include/common/AbstractPartition.hpp:135:8:T& touchgfx::AbstractPartition::at(uint16_t) [with T = Screen1View]	0	static
../../Middlewares/ST/touchgfx/framework/include/common/AbstractPartition.hpp:135:8:T& touchgfx::AbstractPartition::at(uint16_t) [with T = Screen1Presenter]	0	static
D:/tailieuhoctap/Metmoi/MyApplication_D01/TouchGFX/generated/gui_generated/src/common/FrontendApplicationBase.cpp:61:6:void FrontendApplicationBase::gotoScreen1ScreenWipeTransitionEastImpl()	48	static
D:/tailieuhoctap/Metmoi/MyApplication_D01/TouchGFX/generated/gui_generated/src/common/FrontendApplicationBase.cpp:50:6:void FrontendApplicationBase::gotoScreen1ScreenNoTransitionImpl()	40	static
../../Middlewares/ST/touchgfx/framework/include/common/AbstractPartition.hpp:135:8:T& touchgfx::AbstractPartition::at(uint16_t) [with T = touchgfx::SlideTransition<touchgfx::EAST>]	0	static
../../Middlewares/ST/touchgfx/framework/include/touchgfx/transitions/SlideTransition.hpp:47:5:touchgfx::SlideTransition<templateDirection>::SlideTransition(uint8_t) [with touchgfx::Direction templateDirection = touchgfx::EAST]	32	static
D:/tailieuhoctap/Metmoi/MyApplication_D01/TouchGFX/generated/gui_generated/src/common/FrontendApplicationBase.cpp:135:6:void FrontendApplicationBase::gotoScreen6ScreenSlideTransitionEastImpl()	32	static
D:/tailieuhoctap/Metmoi/MyApplication_D01/TouchGFX/generated/gui_generated/src/common/FrontendApplicationBase.cpp:122:6:void FrontendApplicationBase::gotoScreen5ScreenSlideTransitionEastImpl()	32	static
D:/tailieuhoctap/Metmoi/MyApplication_D01/TouchGFX/generated/gui_generated/src/common/FrontendApplicationBase.cpp:109:6:void FrontendApplicationBase::gotoScreen4ScreenSlideTransitionEastImpl()	32	static
D:/tailieuhoctap/Metmoi/MyApplication_D01/TouchGFX/generated/gui_generated/src/common/FrontendApplicationBase.cpp:85:6:void FrontendApplicationBase::gotoScreen3ScreenSlideTransitionEastImpl()	32	static
D:/tailieuhoctap/Metmoi/MyApplication_D01/TouchGFX/generated/gui_generated/src/common/FrontendApplicationBase.cpp:72:6:void FrontendApplicationBase::gotoScreen1ScreenSlideTransitionEastImpl()	32	static
